\BOOKMARK [0][-]{chapter*.7}{\376\377\000E\000i\000n\000f\000\374\000h\000r\000u\000n\000g}{}% 1
\BOOKMARK [0][-]{chapter.1}{\376\377\000G\000r\000u\000n\000d\000l\000a\000g\000e\000n\000\040\000u\000n\000d\000\040\000v\000e\000r\000w\000a\000n\000d\000t\000e\000\040\000A\000r\000b\000e\000i\000t\000e\000n}{}% 2
\BOOKMARK [1][-]{section.1.1}{\376\377\000G\000e\000s\000u\000n\000d\000h\000e\000i\000t\000s\000\366\000k\000o\000n\000o\000m\000i\000s\000c\000h\000e\000r\000\040\000H\000i\000n\000t\000e\000r\000g\000r\000u\000n\000d}{chapter.1}% 3
\BOOKMARK [1][-]{section.1.2}{\376\377\000R\000a\000u\000c\000h\000v\000e\000r\000l\000a\000n\000g\000e\000n\000,\000\040\000A\000u\000s\000l\000\366\000s\000e\000r\000r\000e\000i\000z\000e\000\040\000u\000n\000d\000\040\000C\000u\000e\000-\000L\000a\000b\000e\000l\000i\000n\000g}{chapter.1}% 4
\BOOKMARK [1][-]{section.1.3}{\376\377\000D\000i\000g\000i\000t\000a\000l\000e\000\040\000u\000n\000d\000\040\000i\000m\000m\000e\000r\000s\000i\000v\000e\000\040\000I\000n\000t\000e\000r\000v\000e\000n\000t\000i\000o\000n\000e\000n}{chapter.1}% 5
\BOOKMARK [1][-]{section.1.4}{\376\377\000M\000e\000s\000s\000u\000n\000g\000,\000\040\000S\000t\000i\000c\000h\000p\000r\000o\000b\000e\000n\000p\000l\000a\000n\000u\000n\000g\000\040\000u\000n\000d\000\040\000k\000l\000i\000n\000i\000s\000c\000h\000e\000\040\000E\000i\000n\000o\000r\000d\000n\000u\000n\000g}{chapter.1}% 6
\BOOKMARK [1][-]{section.1.5}{\376\377\000S\000t\000u\000d\000i\000e\000n\000i\000n\000t\000e\000r\000v\000e\000n\000t\000i\000o\000n\000\040\000u\000n\000d\000\040\000K\000I\000-\000P\000r\000o\000t\000o\000t\000y\000p}{chapter.1}% 7
\BOOKMARK [0][-]{chapter.2}{\376\377\000R\000e\000c\000h\000t\000l\000i\000c\000h\000e\000\040\000R\000a\000h\000m\000e\000n\000b\000e\000d\000i\000n\000g\000u\000n\000g\000e\000n}{}% 8
\BOOKMARK [1][-]{section.2.1}{\376\377\000T\000e\000i\000l\000n\000a\000h\000m\000e}{chapter.2}% 9
\BOOKMARK [1][-]{section.2.2}{\376\377\000D\000a\000t\000e\000n\000s\000c\000h\000u\000t\000z}{chapter.2}% 10
\BOOKMARK [1][-]{section.2.3}{\376\377\000U\000r\000h\000e\000b\000e\000r\000-\000\040\000u\000n\000d\000\040\000M\000a\000r\000k\000e\000n\000r\000e\000c\000h\000t}{chapter.2}% 11
\BOOKMARK [1][-]{section.2.4}{\376\377\000P\000s\000e\000u\000d\000o\000n\000y\000m\000i\000s\000i\000e\000r\000t\000e\000\040\000D\000a\000t\000e\000n\000b\000e\000s\000t\000\344\000n\000d\000e}{chapter.2}% 12
\BOOKMARK [1][-]{section.2.5}{\376\377\000A\000k\000t\000i\000v\000i\000e\000r\000u\000n\000g\000\040\000u\000n\000d\000\040\000D\000a\000t\000e\000n\000m\000i\000n\000i\000m\000i\000e\000r\000u\000n\000g}{chapter.2}% 13
\BOOKMARK [1][-]{section.2.6}{\376\377\000E\000r\000n\000e\000u\000t\000e\000\040\000D\000a\000t\000e\000n\000s\000c\000h\000u\000t\000z\000z\000u\000s\000t\000i\000m\000m\000u\000n\000g}{chapter.2}% 14
\BOOKMARK [1][-]{section.2.7}{\376\377\000D\000a\000t\000e\000n\000s\000p\000a\000r\000s\000a\000m\000e\000\040\000B\000e\000n\000a\000c\000h\000r\000i\000c\000h\000t\000i\000g\000u\000n\000g\000e\000n}{chapter.2}% 15
\BOOKMARK [1][-]{section.2.8}{\376\377\000L\000o\000k\000a\000l\000e\000\040\000V\000e\000r\000a\000r\000b\000e\000i\000t\000u\000n\000g}{chapter.2}% 16
\BOOKMARK [1][-]{section.2.9}{\376\377\000A\000p\000p\000-\000V\000e\000r\000t\000e\000i\000l\000u\000n\000g}{chapter.2}% 17
\BOOKMARK [1][-]{section.2.10}{\376\377\000R\000e\000g\000i\000s\000t\000r\000i\000e\000r\000u\000n\000g\000s\000k\000a\000n\000\344\000l\000e\000\040\000u\000n\000d\000\040\000D\000a\000t\000e\000n\000m\000i\000n\000i\000m\000i\000e\000r\000u\000n\000g}{chapter.2}% 18
\BOOKMARK [1][-]{section.2.11}{\376\377\000E\000x\000t\000e\000r\000n\000e\000\040\000P\000r\000o\000l\000i\000f\000i\000c\000-\000T\000e\000i\000l\000n\000a\000h\000m\000e\000p\000r\000\374\000f\000u\000n\000g}{chapter.2}% 19
\BOOKMARK [0][-]{chapter.3}{\376\377\000E\000v\000a\000l\000u\000a\000t\000i\000o\000n\000\040\000g\000e\000e\000i\000g\000n\000e\000t\000e\000r\000\040\000K\000I\000-\000M\000o\000d\000e\000l\000l\000e}{}% 20
\BOOKMARK [1][-]{section.3.1}{\376\377\000T\000e\000c\000h\000n\000i\000s\000c\000h\000e\000\040\000G\000r\000u\000n\000d\000l\000a\000g\000e\000n\000\040\000d\000e\000r\000\040\000K\000I\000-\000g\000e\000s\000t\000\374\000t\000z\000t\000e\000n\000\040\000R\000e\000i\000z\000e\000r\000k\000e\000n\000n\000u\000n\000g}{chapter.3}% 21
\BOOKMARK [1][-]{section.3.2}{\376\377\000Z\000i\000e\000l\000\040\000d\000e\000r\000\040\000M\000o\000d\000e\000l\000l\000e\000v\000a\000l\000u\000a\000t\000i\000o\000n}{chapter.3}% 22
\BOOKMARK [1][-]{section.3.3}{\376\377\000D\000a\000t\000e\000n\000b\000a\000s\000i\000s\000\040\000u\000n\000d\000\040\000K\000l\000a\000s\000s\000e\000n\000d\000e\000f\000i\000n\000i\000t\000i\000o\000n}{chapter.3}% 23
\BOOKMARK [1][-]{section.3.4}{\376\377\000R\000e\000p\000r\000o\000d\000u\000z\000i\000e\000r\000b\000a\000r\000e\000\040\000D\000a\000t\000e\000n\000a\000u\000f\000t\000e\000i\000l\000u\000n\000g}{chapter.3}% 24
\BOOKMARK [1][-]{section.3.5}{\376\377\000V\000o\000r\000v\000e\000r\000a\000r\000b\000e\000i\000t\000u\000n\000g\000\040\000d\000e\000r\000\040\000B\000i\000l\000d\000e\000r}{chapter.3}% 25
\BOOKMARK [1][-]{section.3.6}{\376\377\000M\000L\000-\000K\000i\000t\000-\000B\000a\000s\000e\000l\000i\000n\000e}{chapter.3}% 26
\BOOKMARK [1][-]{section.3.7}{\376\377\000M\000o\000b\000i\000l\000e\000N\000e\000t\000V\0003\000S\000m\000a\000l\000l\000\040\000m\000i\000t\000\040\000T\000r\000a\000n\000s\000f\000e\000r\000\040\000L\000e\000a\000r\000n\000i\000n\000g}{chapter.3}% 27
\BOOKMARK [1][-]{section.3.8}{\376\377\000E\000f\000f\000i\000c\000i\000e\000n\000t\000N\000e\000t\000-\000L\000i\000t\000e\0000\000\040\000a\000l\000s\000\040\000M\000e\000r\000k\000m\000a\000l\000s\000e\000x\000t\000r\000a\000k\000t\000o\000r}{chapter.3}% 28
\BOOKMARK [1][-]{section.3.9}{\376\377\000A\000n\000d\000r\000o\000i\000d\000-\000B\000e\000n\000c\000h\000m\000a\000r\000k}{chapter.3}% 29
\BOOKMARK [1][-]{section.3.10}{\376\377\000B\000e\000w\000e\000r\000t\000u\000n\000g\000s\000k\000r\000i\000t\000e\000r\000i\000e\000n\000\040\000u\000n\000d\000\040\000G\000r\000e\000n\000z\000e\000n}{chapter.3}% 30
\BOOKMARK [0][-]{chapter.4}{\376\377\000T\000e\000c\000h\000n\000i\000s\000c\000h\000e\000\040\000A\000n\000f\000o\000r\000d\000e\000r\000u\000n\000g\000e\000n\000\040\000a\000n\000\040\000E\000n\000d\000g\000e\000r\000\344\000t\000e}{}% 31
\BOOKMARK [1][-]{section.4.1}{\376\377\000G\000r\000u\000n\000d\000f\000u\000n\000k\000t\000i\000o\000n\000e\000n\000\040\000d\000e\000s\000\040\000S\000t\000u\000d\000i\000e\000n\000p\000r\000o\000t\000o\000t\000y\000p\000s}{chapter.4}% 32
\BOOKMARK [1][-]{section.4.2}{\376\377\000K\000I\000-\000F\000u\000n\000k\000t\000i\000o\000n\000a\000l\000i\000t\000\344\000t}{chapter.4}% 33
\BOOKMARK [1][-]{section.4.3}{\376\377\000A\000k\000t\000u\000a\000l\000i\000s\000i\000e\000r\000t\000e\000\040\000P\000l\000a\000t\000t\000f\000o\000r\000m\000a\000n\000f\000o\000r\000d\000e\000r\000u\000n\000g\000e\000n}{chapter.4}% 34
\BOOKMARK [1][-]{section.4.4}{\376\377\000N\000e\000t\000z\000w\000e\000r\000k\000-\000\040\000u\000n\000d\000\040\000T\000r\000a\000n\000s\000p\000o\000r\000t\000a\000n\000f\000o\000r\000d\000e\000r\000u\000n\000g\000e\000n}{chapter.4}% 35
\BOOKMARK [1][-]{section.4.5}{\376\377\000L\000o\000k\000a\000l\000e\000r\000\040\000S\000p\000e\000i\000c\000h\000e\000r\000\040\000u\000n\000d\000\040\000G\000e\000r\000\344\000t\000e\000s\000i\000c\000h\000e\000r\000h\000e\000i\000t}{chapter.4}% 36
\BOOKMARK [1][-]{section.4.6}{\376\377\000H\000i\000n\000t\000e\000r\000g\000r\000u\000n\000d\000a\000r\000b\000e\000i\000t\000\040\000u\000n\000d\000\040\000E\000n\000e\000r\000g\000i\000e\000s\000p\000a\000r\000m\000e\000c\000h\000a\000n\000i\000s\000m\000e\000n}{chapter.4}% 37
\BOOKMARK [1][-]{section.4.7}{\376\377\000A\000n\000f\000o\000r\000d\000e\000r\000u\000n\000g\000e\000n\000\040\000d\000e\000s\000\040\000K\000I\000-\000P\000r\000o\000t\000o\000t\000y\000p\000s}{chapter.4}% 38
\BOOKMARK [1][-]{section.4.8}{\376\377\000N\000a\000t\000i\000v\000e\000\040\000i\000O\000S\000-\000\040\000u\000n\000d\000\040\000i\000P\000a\000d\000O\000S\000-\000P\000l\000a\000t\000t\000f\000o\000r\000m\000u\000n\000t\000e\000r\000s\000t\000\374\000t\000z\000u\000n\000g}{chapter.4}% 39
\BOOKMARK [0][-]{chapter.5}{\376\377\000A\000p\000p\000e\000n\000t\000w\000i\000c\000k\000l\000u\000n\000g}{}% 40
\BOOKMARK [1][-]{section.5.1}{\376\377\000S\000i\000c\000h\000e\000r\000h\000e\000i\000t}{chapter.5}% 41
\BOOKMARK [1][-]{section.5.2}{\376\377\000C\000r\000a\000v\000i\000n\000g\000-\000\334\000b\000e\000r\000t\000r\000a\000g\000u\000n\000g\000,\000\040\000P\000s\000e\000u\000d\000o\000n\000y\000m\000i\000s\000i\000e\000r\000u\000n\000g\000\040\000u\000n\000d\000\040\000S\000i\000c\000h\000e\000r\000h\000e\000i\000t\000s\000k\000o\000n\000z\000e\000p\000t}{chapter.5}% 42
\BOOKMARK [1][-]{section.5.3}{\376\377\000Q\000u\000a\000l\000i\000t\000\344\000t\000s\000s\000i\000c\000h\000e\000r\000u\000n\000g\000\040\000u\000n\000d\000\040\000T\000e\000s\000t\000b\000a\000r\000k\000e\000i\000t}{chapter.5}% 43
\BOOKMARK [1][-]{section.5.4}{\376\377\000B\000a\000c\000k\000u\000p}{chapter.5}% 44
\BOOKMARK [1][-]{section.5.5}{\376\377\000S\000y\000s\000t\000e\000m\000a\000r\000c\000h\000i\000t\000e\000k\000t\000u\000r}{chapter.5}% 45
\BOOKMARK [1][-]{section.5.6}{\376\377\000Z\000u\000s\000t\000a\000n\000d\000s\000m\000o\000d\000e\000l\000l}{chapter.5}% 46
\BOOKMARK [1][-]{section.5.7}{\376\377\000Z\000w\000e\000i\000s\000t\000u\000f\000i\000g\000e\000\040\000A\000k\000t\000i\000v\000i\000e\000r\000u\000n\000g}{chapter.5}% 47
\BOOKMARK [1][-]{section.5.8}{\376\377\000D\000o\000m\000\344\000n\000e\000n\000t\000r\000e\000n\000n\000u\000n\000g\000\040\000d\000e\000r\000\040\000T\000o\000k\000e\000n\000-\000I\000d\000e\000n\000t\000i\000t\000\344\000t\000e\000n}{chapter.5}% 48
\BOOKMARK [1][-]{section.5.9}{\376\377\000S\000i\000c\000h\000e\000r\000e\000\040\000l\000o\000k\000a\000l\000e\000\040\000T\000o\000k\000e\000n\000-\000S\000p\000e\000i\000c\000h\000e\000r\000u\000n\000g}{chapter.5}% 49
\BOOKMARK [1][-]{section.5.10}{\376\377\000D\000a\000t\000e\000n\000s\000c\000h\000u\000t\000z\000s\000t\000a\000t\000u\000s\000\040\000i\000n\000\040\000A\000p\000p\000\040\000u\000n\000d\000\040\000B\000a\000c\000k\000e\000n\000d}{chapter.5}% 50
\BOOKMARK [1][-]{section.5.11}{\376\377\000S\000e\000r\000v\000e\000r\000s\000e\000i\000t\000i\000g\000e\000\040\000F\000e\000a\000t\000u\000r\000e\000-\000F\000r\000e\000i\000g\000a\000b\000e}{chapter.5}% 51
\BOOKMARK [1][-]{section.5.12}{\376\377\000I\000n\000f\000o\000f\000e\000e\000d\000\040\000u\000n\000d\000\040\000m\000e\000h\000r\000s\000p\000r\000a\000c\000h\000i\000g\000e\000\040\000N\000a\000c\000h\000r\000i\000c\000h\000t\000e\000n}{chapter.5}% 52
\BOOKMARK [1][-]{section.5.13}{\376\377\000A\000n\000o\000n\000y\000m\000e\000s\000\040\000F\000e\000e\000d\000b\000a\000c\000k\000\040\000u\000n\000d\000\040\000K\000a\000p\000a\000z\000i\000t\000\344\000t\000s\000g\000r\000e\000n\000z\000e}{chapter.5}% 53
\BOOKMARK [1][-]{section.5.14}{\376\377\000S\000e\000l\000b\000s\000t\000b\000e\000r\000i\000c\000h\000t\000,\000\040\000F\000o\000r\000t\000s\000c\000h\000r\000i\000t\000t\000\040\000u\000n\000d\000\040\000W\000i\000e\000d\000e\000r\000h\000o\000l\000u\000n\000g\000s\000l\000o\000g\000i\000k}{chapter.5}% 54
\BOOKMARK [1][-]{section.5.15}{\376\377\000S\000t\000u\000d\000i\000e\000n\000e\000r\000i\000n\000n\000e\000r\000u\000n\000g\000e\000n}{chapter.5}% 55
\BOOKMARK [1][-]{section.5.16}{\376\377\000F\000e\000h\000l\000e\000r\000p\000r\000o\000t\000o\000k\000o\000l\000l\000i\000e\000r\000u\000n\000g\000\040\000u\000n\000d\000\040\000M\000o\000n\000i\000t\000o\000r\000i\000n\000g}{chapter.5}% 56
\BOOKMARK [1][-]{section.5.17}{\376\377\000D\000e\000p\000l\000o\000y\000m\000e\000n\000t\000\040\000u\000n\000d\000\040\000V\000e\000r\000t\000e\000i\000l\000u\000n\000g}{chapter.5}% 57
\BOOKMARK [1][-]{section.5.18}{\376\377\000E\000r\000w\000e\000i\000t\000e\000r\000t\000e\000\040\000Q\000u\000a\000l\000i\000t\000\344\000t\000s\000s\000i\000c\000h\000e\000r\000u\000n\000g}{chapter.5}% 58
\BOOKMARK [1][-]{section.5.19}{\376\377\000D\000u\000a\000l\000e\000\040\000R\000e\000g\000i\000s\000t\000r\000i\000e\000r\000u\000n\000g\000\040\000u\000n\000d\000\040\000T\000e\000i\000l\000n\000e\000h\000m\000e\000r\000i\000d\000e\000n\000t\000i\000f\000i\000k\000a\000t\000o\000r\000e\000n}{chapter.5}% 59
\BOOKMARK [1][-]{section.5.20}{\376\377\000E\000x\000t\000e\000r\000n\000e\000\040\000P\000r\000o\000l\000i\000f\000i\000c\000-\000S\000c\000h\000n\000i\000t\000t\000s\000t\000e\000l\000l\000e\000\040\000u\000n\000d\000\040\000V\000a\000l\000i\000d\000i\000e\000r\000u\000n\000g}{chapter.5}% 60
\BOOKMARK [2][-]{subsection.5.20.1}{\376\377\000P\000r\000\374\000f\000a\000l\000g\000o\000r\000i\000t\000h\000m\000u\000s\000\040\000u\000n\000d\000\040\000S\000t\000a\000t\000u\000s\000m\000o\000d\000e\000l\000l}{section.5.20}% 61
\BOOKMARK [2][-]{subsection.5.20.2}{\376\377\000T\000r\000a\000n\000s\000p\000o\000r\000t\000-\000\040\000u\000n\000d\000\040\000F\000e\000h\000l\000e\000r\000g\000r\000e\000n\000z\000e\000n}{section.5.20}% 62
\BOOKMARK [1][-]{section.5.21}{\376\377\000K\000a\000n\000a\000l\000a\000b\000h\000\344\000n\000g\000i\000g\000e\000\040\000A\000b\000s\000c\000h\000l\000u\000s\000s\000m\000o\000d\000i}{chapter.5}% 63
\BOOKMARK [1][-]{section.5.22}{\376\377\000A\000n\000d\000r\000o\000i\000d\000-\000Z\000u\000s\000t\000a\000n\000d\000s\000m\000o\000d\000e\000l\000l\000\040\000f\000\374\000r\000\040\000S\000t\000u\000d\000i\000e\000n\000a\000b\000s\000c\000h\000l\000u\000s\000s\000\040\000u\000n\000d\000\040\000R\000e\000c\000o\000v\000e\000r\000y}{chapter.5}% 64
\BOOKMARK [2][-]{subsection.5.22.1}{\376\377\000R\000e\000c\000o\000v\000e\000r\000y\000\040\000a\000u\000s\000\040\000a\000u\000s\000s\000t\000e\000h\000e\000n\000d\000e\000n\000\040\000N\000e\000t\000z\000w\000e\000r\000k\000z\000u\000s\000t\000\344\000n\000d\000e\000n}{section.5.22}% 65
\BOOKMARK [2][-]{subsection.5.22.2}{\376\377\000F\000a\000i\000l\000-\000c\000l\000o\000s\000e\000d\000-\000V\000e\000r\000h\000a\000l\000t\000e\000n\000\040\000i\000n\000\040\000N\000a\000v\000i\000g\000a\000t\000i\000o\000n\000\040\000u\000n\000d\000\040\000S\000t\000a\000r\000t\000l\000o\000g\000i\000k}{section.5.22}% 66
\BOOKMARK [2][-]{subsection.5.22.3}{\376\377\000P\000e\000r\000s\000i\000s\000t\000e\000n\000z\000g\000a\000r\000a\000n\000t\000i\000e\000n\000\040\000u\000n\000d\000\040\000v\000e\000r\000b\000l\000e\000i\000b\000e\000n\000d\000e\000\040\000F\000e\000h\000l\000e\000r\000f\000e\000n\000s\000t\000e\000r}{section.5.22}% 67
\BOOKMARK [1][-]{section.5.23}{\376\377\000E\000r\000w\000e\000i\000t\000e\000r\000t\000e\000\040\000a\000u\000t\000o\000m\000a\000t\000i\000s\000i\000e\000r\000t\000e\000\040\000V\000e\000r\000i\000f\000i\000k\000a\000t\000i\000o\000n\000\040\000v\000o\000n\000\040\000A\000n\000d\000r\000o\000i\000d\000,\000\040\000B\000a\000c\000k\000e\000n\000d\000\040\000u\000n\000d\000\040\000W\000e\000b\000o\000b\000e\000r\000f\000l\000\344\000c\000h\000e}{chapter.5}% 68
\BOOKMARK [2][-]{subsection.5.23.1}{\376\377\000P\000a\000r\000a\000l\000l\000e\000l\000e\000\040\000T\000e\000s\000t\000v\000e\000k\000t\000o\000r\000e\000n\000\040\000f\000\374\000r\000\040\000T\000e\000i\000l\000n\000e\000h\000m\000e\000r\000i\000d\000e\000n\000t\000i\000f\000i\000k\000a\000t\000o\000r\000e\000n}{section.5.23}% 69
\BOOKMARK [2][-]{subsection.5.23.2}{\376\377\000B\000a\000c\000k\000e\000n\000d\000t\000e\000s\000t\000s\000\040\000f\000\374\000r\000\040\000R\000e\000g\000i\000s\000t\000r\000i\000e\000r\000u\000n\000g\000,\000\040\000P\000r\000o\000l\000i\000f\000i\000c\000\040\000u\000n\000d\000\040\000A\000b\000s\000c\000h\000l\000u\000s\000s}{section.5.23}% 70
\BOOKMARK [2][-]{subsection.5.23.3}{\376\377\000A\000n\000d\000r\000o\000i\000d\000-\000T\000e\000s\000t\000s\000\040\000f\000\374\000r\000\040\000P\000r\000o\000t\000o\000k\000o\000l\000l\000,\000\040\000P\000e\000r\000s\000i\000s\000t\000e\000n\000z\000\040\000u\000n\000d\000\040\000R\000e\000c\000o\000v\000e\000r\000y}{section.5.23}% 71
\BOOKMARK [2][-]{subsection.5.23.4}{\376\377\000B\000r\000o\000w\000s\000e\000r\000b\000a\000s\000i\000e\000r\000t\000e\000\040\000P\000r\000\374\000f\000u\000n\000g\000\040\000d\000e\000s\000\040\000R\000e\000g\000i\000s\000t\000r\000i\000e\000r\000u\000n\000g\000s\000f\000o\000r\000m\000u\000l\000a\000r\000s}{section.5.23}% 72
\BOOKMARK [2][-]{subsection.5.23.5}{\376\377\000A\000u\000s\000s\000a\000g\000e\000k\000r\000a\000f\000t\000\040\000u\000n\000d\000\040\000A\000u\000s\000f\000\374\000h\000r\000u\000n\000g\000s\000a\000b\000h\000\344\000n\000g\000i\000g\000k\000e\000i\000t\000e\000n}{section.5.23}% 73
\BOOKMARK [1][-]{section.5.24}{\376\377\000N\000a\000t\000i\000v\000e\000\040\000i\000O\000S\000-\000/\000i\000P\000a\000d\000O\000S\000-\000I\000m\000p\000l\000e\000m\000e\000n\000t\000i\000e\000r\000u\000n\000g}{chapter.5}% 74
\BOOKMARK [1][-]{section.5.25}{\376\377\000P\000l\000a\000t\000t\000f\000o\000r\000m\000u\000n\000a\000b\000h\000\344\000n\000g\000i\000g\000e\000\040\000S\000p\000e\000z\000i\000f\000i\000k\000a\000t\000i\000o\000n\000\040\000a\000l\000s\000\040\000g\000e\000m\000e\000i\000n\000s\000a\000m\000e\000\040\000f\000a\000c\000h\000l\000i\000c\000h\000e\000\040\000R\000e\000f\000e\000r\000e\000n\000z}{chapter.5}% 75
\BOOKMARK [2][-]{subsection.5.25.1}{\376\377\000G\000e\000m\000e\000i\000n\000s\000a\000m\000e\000\040\000I\000n\000v\000a\000r\000i\000a\000n\000t\000e\000n\000\040\000u\000n\000d\000\040\000z\000u\000l\000\344\000s\000s\000i\000g\000e\000\040\000P\000l\000a\000t\000t\000f\000o\000r\000m\000a\000b\000w\000e\000i\000c\000h\000u\000n\000g\000e\000n}{section.5.25}% 76
\BOOKMARK [2][-]{subsection.5.25.2}{\376\377\000S\000p\000e\000z\000i\000f\000i\000k\000a\000t\000i\000o\000n\000\040\000v\000o\000n\000\040\000D\000a\000t\000e\000n\000-\000\040\000u\000n\000d\000\040\000F\000e\000h\000l\000e\000r\000g\000r\000e\000n\000z\000e\000n}{section.5.25}% 77
\BOOKMARK [2][-]{subsection.5.25.3}{\376\377\000A\000b\000n\000a\000h\000m\000e\000k\000r\000i\000t\000e\000r\000i\000e\000n\000\040\000u\000n\000d\000\040\000R\000\374\000c\000k\000v\000e\000r\000f\000o\000l\000g\000b\000a\000r\000k\000e\000i\000t}{section.5.25}% 78
\BOOKMARK [1][-]{section.5.26}{\376\377\000i\000O\000S\000-\000s\000p\000e\000z\000i\000f\000i\000s\000c\000h\000e\000\040\000S\000i\000c\000h\000e\000r\000h\000e\000i\000t\000s\000a\000r\000c\000h\000i\000t\000e\000k\000t\000u\000r}{chapter.5}% 79
\BOOKMARK [2][-]{subsection.5.26.1}{\376\377\000G\000e\000r\000\344\000t\000e\000g\000e\000b\000u\000n\000d\000e\000n\000e\000r\000\040\000T\000o\000k\000e\000n\000\040\000i\000m\000\040\000K\000e\000y\000c\000h\000a\000i\000n}{section.5.26}% 80
\BOOKMARK [2][-]{subsection.5.26.2}{\376\377\000G\000e\000s\000c\000h\000\374\000t\000z\000t\000e\000r\000\040\000u\000n\000d\000\040\000s\000t\000r\000i\000k\000t\000\040\000v\000a\000l\000i\000d\000i\000e\000r\000t\000e\000r\000\040\000S\000t\000u\000d\000i\000e\000n\000z\000u\000s\000t\000a\000n\000d}{section.5.26}% 81
\BOOKMARK [2][-]{subsection.5.26.3}{\376\377\000R\000e\000s\000t\000r\000i\000k\000t\000i\000v\000e\000\040\000N\000e\000t\000z\000w\000e\000r\000k\000-\000\040\000u\000n\000d\000\040\000P\000r\000o\000t\000o\000k\000o\000l\000l\000s\000c\000h\000i\000c\000h\000t}{section.5.26}% 82
\BOOKMARK [2][-]{subsection.5.26.4}{\376\377\000M\000i\000n\000i\000m\000i\000e\000r\000u\000n\000g\000\040\000v\000o\000n\000\040\000E\000x\000p\000o\000s\000i\000t\000i\000o\000n\000\040\000u\000n\000d\000\040\000B\000e\000r\000e\000c\000h\000t\000i\000g\000u\000n\000g\000e\000n}{section.5.26}% 83
\BOOKMARK [2][-]{subsection.5.26.5}{\376\377\000N\000e\000b\000e\000n\000l\000\344\000u\000f\000i\000g\000k\000e\000i\000t\000\040\000u\000n\000d\000\040\000S\000i\000c\000h\000e\000r\000h\000e\000i\000t\000s\000g\000r\000e\000n\000z\000e\000n}{section.5.26}% 84
\BOOKMARK [2][-]{subsection.5.26.6}{\376\377\000A\000u\000t\000o\000m\000a\000t\000i\000s\000i\000e\000r\000t\000e\000\040\000N\000a\000c\000h\000w\000e\000i\000s\000e\000\040\000u\000n\000d\000\040\000v\000e\000r\000b\000l\000e\000i\000b\000e\000n\000d\000e\000\040\000m\000a\000n\000u\000e\000l\000l\000e\000\040\000P\000r\000\374\000f\000u\000n\000g\000e\000n}{section.5.26}% 85
\BOOKMARK [1][-]{section.5.27}{\376\377\000i\000O\000S\000-\000N\000e\000t\000z\000w\000e\000r\000k\000-\000,\000\040\000P\000e\000r\000s\000i\000s\000t\000e\000n\000z\000-\000\040\000u\000n\000d\000\040\000R\000e\000c\000o\000v\000e\000r\000y\000-\000A\000r\000c\000h\000i\000t\000e\000k\000t\000u\000r}{chapter.5}% 86
\BOOKMARK [2][-]{subsection.5.27.1}{\376\377\000R\000e\000k\000o\000n\000s\000t\000r\000u\000k\000t\000i\000o\000n\000\040\000d\000e\000s\000\040\000l\000o\000k\000a\000l\000e\000n\000\040\000Z\000u\000s\000t\000a\000n\000d\000s\000\040\000b\000e\000i\000m\000\040\000A\000p\000p\000-\000S\000t\000a\000r\000t}{section.5.27}% 87
\BOOKMARK [2][-]{subsection.5.27.2}{\376\377\000G\000e\000m\000e\000i\000n\000s\000a\000m\000e\000\040\000N\000e\000t\000z\000w\000e\000r\000k\000b\000a\000s\000i\000s\000\040\000u\000n\000d\000\040\000t\000y\000p\000i\000s\000i\000e\000r\000t\000e\000\040\000S\000e\000r\000v\000i\000c\000e\000v\000e\000r\000t\000r\000\344\000g\000e}{section.5.27}% 88
\BOOKMARK [2][-]{subsection.5.27.3}{\376\377\000W\000r\000i\000t\000e\000-\000a\000h\000e\000a\000d\000-\000P\000e\000r\000s\000i\000s\000t\000e\000n\000z\000\040\000d\000e\000s\000\040\000w\000i\000s\000s\000e\000n\000s\000c\000h\000a\000f\000t\000l\000i\000c\000h\000e\000n\000\040\000S\000e\000l\000b\000s\000t\000b\000e\000r\000i\000c\000h\000t\000s}{section.5.27}% 89
\BOOKMARK [2][-]{subsection.5.27.4}{\376\377\000R\000e\000c\000o\000v\000e\000r\000y\000\040\000n\000a\000c\000h\000\040\000N\000e\000t\000z\000w\000e\000r\000k\000-\000\040\000u\000n\000d\000\040\000P\000r\000o\000z\000e\000s\000s\000f\000e\000h\000l\000e\000r\000n}{section.5.27}% 90
\BOOKMARK [2][-]{subsection.5.27.5}{\376\377\000R\000e\000c\000o\000v\000e\000r\000y\000\040\000d\000e\000s\000\040\000A\000k\000t\000i\000v\000i\000e\000r\000u\000n\000g\000s\000h\000a\000n\000d\000s\000h\000a\000k\000e\000s}{section.5.27}% 91
\BOOKMARK [2][-]{subsection.5.27.6}{\376\377\000G\000r\000e\000n\000z\000e\000n\000\040\000d\000e\000r\000\040\000R\000e\000t\000r\000y\000-\000A\000r\000c\000h\000i\000t\000e\000k\000t\000u\000r}{section.5.27}% 92
\BOOKMARK [2][-]{subsection.5.27.7}{\376\377\000V\000e\000r\000i\000f\000i\000k\000a\000t\000i\000o\000n\000\040\000d\000e\000r\000\040\000R\000e\000c\000o\000v\000e\000r\000y\000-\000E\000i\000g\000e\000n\000s\000c\000h\000a\000f\000t\000e\000n}{section.5.27}% 93
\BOOKMARK [1][-]{section.5.28}{\376\377\000i\000O\000S\000-\000B\000e\000n\000a\000c\000h\000r\000i\000c\000h\000t\000i\000g\000u\000n\000g\000e\000n\000\040\000u\000n\000d\000\040\000B\000a\000c\000k\000g\000r\000o\000u\000n\000d\000\040\000R\000e\000f\000r\000e\000s\000h}{chapter.5}% 94
\BOOKMARK [2][-]{subsection.5.28.1}{\376\377\000O\000p\000t\000i\000o\000n\000a\000l\000e\000\040\000B\000e\000n\000a\000c\000h\000r\000i\000c\000h\000t\000i\000g\000u\000n\000g\000s\000p\000r\000\344\000f\000e\000r\000e\000n\000z\000\040\000u\000n\000d\000\040\000S\000y\000s\000t\000e\000m\000b\000e\000r\000e\000c\000h\000t\000i\000g\000u\000n\000g}{section.5.28}% 95
\BOOKMARK [2][-]{subsection.5.28.2}{\376\377\000L\000o\000k\000a\000l\000e\000\040\000E\000r\000i\000n\000n\000e\000r\000u\000n\000g\000e\000n\000\040\000a\000n\000\040\000S\000t\000u\000d\000i\000e\000n\000s\000i\000t\000u\000a\000t\000i\000o\000n\000e\000n}{section.5.28}% 96
\BOOKMARK [2][-]{subsection.5.28.3}{\376\377\000I\000n\000f\000o\000r\000m\000a\000t\000i\000o\000n\000s\000h\000i\000n\000w\000e\000i\000s\000e\000\040\000u\000n\000d\000\040\000B\000a\000c\000k\000g\000r\000o\000u\000n\000d\000\040\000R\000e\000f\000r\000e\000s\000h}{section.5.28}% 97
\BOOKMARK [2][-]{subsection.5.28.4}{\376\377\000L\000e\000b\000e\000n\000s\000z\000y\000k\000l\000u\000s\000,\000\040\000R\000o\000u\000t\000i\000n\000g\000\040\000u\000n\000d\000\040\000F\000e\000h\000l\000e\000r\000v\000e\000r\000h\000a\000l\000t\000e\000n}{section.5.28}% 98
\BOOKMARK [2][-]{subsection.5.28.5}{\376\377\000V\000e\000r\000i\000f\000i\000k\000a\000t\000i\000o\000n\000\040\000u\000n\000d\000\040\000v\000e\000r\000b\000l\000e\000i\000b\000e\000n\000d\000e\000\040\000G\000r\000e\000n\000z\000e\000n}{section.5.28}% 99
\BOOKMARK [1][-]{section.5.29}{\376\377\000i\000O\000S\000-\000U\000n\000t\000e\000r\000s\000t\000\374\000t\000z\000u\000n\000g\000\040\000f\000\374\000r\000\040\000d\000i\000r\000e\000k\000t\000e\000n\000\040\000u\000n\000d\000\040\000P\000r\000o\000l\000i\000f\000i\000c\000-\000A\000b\000s\000c\000h\000l\000u\000s\000s}{chapter.5}% 100
\BOOKMARK [2][-]{subsection.5.29.1}{\376\377\000S\000t\000r\000i\000k\000t\000e\000\040\000U\000n\000t\000e\000r\000s\000c\000h\000e\000i\000d\000u\000n\000g\000\040\000d\000e\000r\000\040\000A\000b\000s\000c\000h\000l\000u\000s\000s\000a\000n\000t\000w\000o\000r\000t\000e\000n}{section.5.29}% 101
\BOOKMARK [2][-]{subsection.5.29.2}{\376\377\000P\000e\000r\000s\000i\000s\000t\000i\000e\000r\000t\000e\000s\000\040\000A\000b\000s\000c\000h\000l\000u\000s\000s\000z\000u\000s\000t\000a\000n\000d\000s\000m\000o\000d\000e\000l\000l}{section.5.29}% 102
\BOOKMARK [2][-]{subsection.5.29.3}{\376\377\000D\000i\000r\000e\000k\000t\000e\000r\000\040\000A\000b\000s\000c\000h\000l\000u\000s\000s\000\040\000m\000i\000t\000\040\000K\000o\000m\000p\000e\000n\000s\000a\000t\000i\000o\000n\000s\000c\000o\000d\000e}{section.5.29}% 103
\BOOKMARK [2][-]{subsection.5.29.4}{\376\377\000P\000r\000o\000l\000i\000f\000i\000c\000-\000A\000b\000s\000c\000h\000l\000u\000s\000s\000\040\000o\000h\000n\000e\000\040\000l\000o\000k\000a\000l\000e\000n\000\040\000K\000o\000m\000p\000e\000n\000s\000a\000t\000i\000o\000n\000s\000c\000o\000d\000e}{section.5.29}% 104
\BOOKMARK [2][-]{subsection.5.29.5}{\376\377\000U\000I\000-\000V\000e\000r\000h\000a\000l\000t\000e\000n\000\040\000n\000a\000c\000h\000\040\000S\000t\000u\000d\000i\000e\000n\000a\000b\000s\000c\000h\000l\000u\000s\000s}{section.5.29}% 105
\BOOKMARK [2][-]{subsection.5.29.6}{\376\377\000V\000e\000r\000i\000f\000i\000k\000a\000t\000i\000o\000n\000\040\000u\000n\000d\000\040\000v\000e\000r\000b\000l\000e\000i\000b\000e\000n\000d\000e\000\040\000F\000e\000h\000l\000e\000r\000f\000e\000n\000s\000t\000e\000r}{section.5.29}% 106
\BOOKMARK [1][-]{section.5.30}{\376\377\000U\000m\000f\000a\000n\000g\000r\000e\000i\000c\000h\000e\000\040\000Q\000u\000a\000l\000i\000t\000\344\000t\000s\000s\000i\000c\000h\000e\000r\000u\000n\000g\000\040\000d\000e\000r\000\040\000i\000O\000S\000-\000/\000i\000P\000a\000d\000O\000S\000-\000I\000m\000p\000l\000e\000m\000e\000n\000t\000i\000e\000r\000u\000n\000g}{chapter.5}% 107
\BOOKMARK [2][-]{subsection.5.30.1}{\376\377\000D\000o\000k\000u\000m\000e\000n\000t\000i\000e\000r\000t\000e\000r\000\040\000a\000u\000t\000o\000m\000a\000t\000i\000s\000i\000e\000r\000t\000e\000r\000\040\000T\000e\000s\000t\000u\000m\000f\000a\000n\000g}{section.5.30}% 108
\BOOKMARK [2][-]{subsection.5.30.2}{\376\377\000U\000n\000i\000t\000-\000\040\000u\000n\000d\000\040\000I\000n\000f\000r\000a\000s\000t\000r\000u\000c\000t\000u\000r\000e\000-\000T\000e\000s\000t\000s\000\040\000e\000n\000t\000l\000a\000n\000g\000\040\000k\000r\000i\000t\000i\000s\000c\000h\000e\000r\000\040\000Z\000u\000s\000t\000a\000n\000d\000s\000\374\000b\000e\000r\000g\000\344\000n\000g\000e}{section.5.30}% 109
\BOOKMARK [2][-]{subsection.5.30.3}{\376\377\000U\000I\000-\000A\000u\000t\000o\000m\000a\000t\000i\000o\000n\000\040\000a\000u\000f\000\040\000i\000P\000h\000o\000n\000e\000\040\000u\000n\000d\000\040\000i\000P\000a\000d}{section.5.30}% 110
\BOOKMARK [2][-]{subsection.5.30.4}{\376\377\000R\000e\000p\000r\000o\000d\000u\000z\000i\000e\000r\000b\000a\000r\000e\000s\000\040\000l\000o\000k\000a\000l\000e\000s\000\040\000Q\000u\000a\000l\000i\000t\000y\000-\000G\000a\000t\000e}{section.5.30}% 111
\BOOKMARK [2][-]{subsection.5.30.5}{\376\377\000A\000c\000c\000e\000s\000s\000i\000b\000i\000l\000i\000t\000y\000\040\000a\000l\000s\000\040\000Q\000u\000a\000l\000i\000t\000\344\000t\000s\000m\000e\000r\000k\000m\000a\000l}{section.5.30}% 112
\BOOKMARK [2][-]{subsection.5.30.6}{\376\377\000T\000r\000e\000n\000n\000u\000n\000g\000\040\000v\000o\000n\000\040\000a\000u\000t\000o\000m\000a\000t\000i\000s\000i\000e\000r\000t\000e\000r\000\040\000V\000e\000r\000i\000f\000i\000k\000a\000t\000i\000o\000n\000\040\000u\000n\000d\000\040\000R\000e\000l\000e\000a\000s\000e\000f\000r\000e\000i\000g\000a\000b\000e}{section.5.30}% 113
\BOOKMARK [0][-]{chapter.6}{\376\377\000P\000l\000a\000n\000u\000n\000g\000\040\000u\000n\000d\000\040\000D\000u\000r\000c\000h\000f\000\374\000h\000r\000u\000n\000g\000\040\000d\000e\000r\000\040\000A\000p\000p\000-\000S\000t\000u\000d\000i\000e}{}% 114
\BOOKMARK [1][-]{section.6.1}{\376\377\000Z\000i\000e\000l\000s\000e\000t\000z\000u\000n\000g\000\040\000u\000n\000d\000\040\000S\000t\000u\000d\000i\000e\000n\000l\000o\000g\000i\000k}{chapter.6}% 115
\BOOKMARK [1][-]{section.6.2}{\376\377\000S\000t\000u\000d\000i\000e\000n\000d\000e\000s\000i\000g\000n}{chapter.6}% 116
\BOOKMARK [1][-]{section.6.3}{\376\377\000E\000i\000n\000s\000c\000h\000l\000u\000s\000s\000,\000\040\000R\000e\000k\000r\000u\000t\000i\000e\000r\000u\000n\000g\000\040\000u\000n\000d\000\040\000T\000e\000i\000l\000n\000a\000h\000m\000e\000p\000r\000\374\000f\000u\000n\000g}{chapter.6}% 117
\BOOKMARK [1][-]{section.6.4}{\376\377\000M\000a\000\337\000n\000a\000h\000m\000e\000n\000\040\000z\000u\000r\000\040\000V\000e\000r\000b\000e\000s\000s\000e\000r\000u\000n\000g\000\040\000v\000o\000n\000\040\000R\000e\000k\000r\000u\000t\000i\000e\000r\000u\000n\000g\000\040\000u\000n\000d\000\040\000R\000e\000t\000e\000n\000t\000i\000o\000n}{chapter.6}% 118
\BOOKMARK [1][-]{section.6.5}{\376\377\000A\000b\000l\000a\000u\000f\000\040\000d\000e\000r\000\040\000T\000e\000i\000l\000n\000a\000h\000m\000e}{chapter.6}% 119
\BOOKMARK [1][-]{section.6.6}{\376\377\000D\000a\000t\000e\000n\000f\000l\000\374\000s\000s\000e\000\040\000i\000m\000\040\000S\000t\000u\000d\000i\000e\000n\000b\000e\000t\000r\000i\000e\000b}{chapter.6}% 120
\BOOKMARK [1][-]{section.6.7}{\376\377\000S\000t\000u\000d\000i\000e\000n\000b\000e\000t\000r\000i\000e\000b\000,\000\040\000M\000o\000n\000i\000t\000o\000r\000i\000n\000g\000\040\000u\000n\000d\000\040\000S\000u\000p\000p\000o\000r\000t}{chapter.6}% 121
\BOOKMARK [1][-]{section.6.8}{\376\377\000Q\000u\000a\000l\000i\000t\000\344\000t\000s\000s\000i\000c\000h\000e\000r\000u\000n\000g\000\040\000u\000n\000d\000\040\000A\000u\000s\000w\000e\000r\000t\000u\000n\000g\000s\000v\000o\000r\000b\000e\000r\000e\000i\000t\000u\000n\000g}{chapter.6}% 122
\BOOKMARK [1][-]{section.6.9}{\376\377\000T\000e\000c\000h\000n\000i\000s\000c\000h\000e\000r\000\040\000T\000e\000i\000l\000n\000a\000h\000m\000e\000a\000b\000l\000a\000u\000f}{chapter.6}% 123
\BOOKMARK [1][-]{section.6.10}{\376\377\000F\000r\000e\000i\000g\000a\000b\000e\000\040\000d\000e\000r\000\040\000S\000t\000u\000d\000i\000e\000n\000p\000h\000a\000s\000e}{chapter.6}% 124
\BOOKMARK [1][-]{section.6.11}{\376\377\000S\000t\000u\000d\000i\000e\000n\000a\000b\000s\000c\000h\000l\000u\000s\000s\000\040\000u\000n\000d\000\040\000A\000b\000r\000e\000c\000h\000n\000u\000n\000g\000s\000c\000o\000d\000e}{chapter.6}% 125
\BOOKMARK [1][-]{section.6.12}{\376\377\000I\000n\000s\000t\000a\000l\000l\000a\000t\000i\000o\000n\000s\000-\000\040\000u\000n\000d\000\040\000S\000u\000p\000p\000o\000r\000t\000k\000o\000n\000z\000e\000p\000t}{chapter.6}% 126
\BOOKMARK [1][-]{section.6.13}{\376\377\000M\000o\000n\000i\000t\000o\000r\000i\000n\000g\000\040\000w\000\344\000h\000r\000e\000n\000d\000\040\000d\000e\000r\000\040\000D\000a\000t\000e\000n\000e\000r\000h\000e\000b\000u\000n\000g}{chapter.6}% 127
\BOOKMARK [1][-]{section.6.14}{\376\377\000F\000o\000l\000g\000e\000r\000u\000n\000g\000e\000n\000\040\000f\000\374\000r\000\040\000d\000i\000e\000\040\000T\000e\000i\000l\000n\000e\000h\000m\000e\000r\000d\000o\000k\000u\000m\000e\000n\000t\000e}{chapter.6}% 128
\BOOKMARK [1][-]{section.6.15}{\376\377\000R\000e\000g\000i\000s\000t\000r\000i\000e\000r\000u\000n\000g\000s\000k\000a\000n\000\344\000l\000e\000\040\000i\000m\000\040\000S\000t\000u\000d\000i\000e\000n\000b\000e\000t\000r\000i\000e\000b}{chapter.6}% 129
\BOOKMARK [1][-]{section.6.16}{\376\377\000T\000e\000i\000l\000n\000a\000h\000m\000e\000p\000r\000\374\000f\000u\000n\000g\000\040\000\374\000b\000e\000r\000\040\000P\000r\000o\000l\000i\000f\000i\000c}{chapter.6}% 130
\BOOKMARK [1][-]{section.6.17}{\376\377\000S\000t\000u\000d\000i\000e\000n\000a\000b\000s\000c\000h\000l\000u\000s\000s\000\040\000n\000a\000c\000h\000\040\000R\000e\000k\000r\000u\000t\000i\000e\000r\000u\000n\000g\000s\000k\000a\000n\000a\000l}{chapter.6}% 131
\BOOKMARK [1][-]{section.6.18}{\376\377\000P\000l\000a\000t\000t\000f\000o\000r\000m\000\374\000b\000e\000r\000t\000r\000a\000g\000u\000n\000g\000\040\000d\000e\000r\000\040\000S\000t\000u\000d\000i\000e\000n\000i\000n\000t\000e\000r\000v\000e\000n\000t\000i\000o\000n\000\040\000a\000u\000f\000\040\000i\000O\000S\000\040\000u\000n\000d\000\040\000i\000P\000a\000d\000O\000S}{chapter.6}% 132
\BOOKMARK [1][-]{section.6.19}{\376\377\000M\000e\000t\000h\000o\000d\000i\000s\000c\000h\000e\000\040\000R\000o\000l\000l\000e\000\040\000d\000e\000r\000\040\000p\000l\000a\000t\000t\000f\000o\000r\000m\000u\000n\000a\000b\000h\000\344\000n\000g\000i\000g\000e\000n\000\040\000S\000p\000e\000z\000i\000f\000i\000k\000a\000t\000i\000o\000n}{chapter.6}% 133
\BOOKMARK [0][-]{chapter.7}{\376\377\000A\000u\000s\000w\000e\000r\000t\000u\000n\000g\000\040\000d\000e\000r\000\040\000B\000e\000r\000i\000c\000h\000t\000e}{}% 134
\BOOKMARK [0][-]{chapter.8}{\376\377\000F\000a\000z\000i\000t\000\040\000u\000n\000d\000\040\000A\000u\000s\000b\000l\000i\000c\000k}{}% 135
\BOOKMARK [0][-]{appendix.A}{\376\377\000S\000t\000u\000d\000i\000e\000n\000d\000o\000k\000u\000m\000e\000n\000t\000e}{}% 136
\BOOKMARK [1][-]{section.A.1}{\376\377\000E\000-\000M\000a\000i\000l\000\040\000a\000n\000\040\000E\000m\000p\000f\000\344\000n\000g\000e\000r\000\040\000d\000e\000s\000\040\000F\000l\000y\000e\000r\000s}{appendix.A}% 137
\BOOKMARK [2][-]{subsection.A.1.1}{\376\377\000E\000m\000p\000f\000\344\000n\000g\000e\000r\000\040\000i\000n\000\040\000D\000e\000u\000t\000s\000c\000h\000l\000a\000n\000d}{section.A.1}% 138
\BOOKMARK [2][-]{subsection.A.1.2}{\376\377\000E\000m\000p\000f\000\344\000n\000g\000e\000r\000\040\000i\000n\000\040\000d\000e\000r\000\040\000S\000c\000h\000w\000e\000i\000z}{section.A.1}% 139
\BOOKMARK [0][-]{appendix.B}{\376\377\000A\000d\000r\000e\000s\000s\000e\000n}{}% 140
\BOOKMARK [1][-]{section.B.1}{\376\377\000S\000u\000c\000h\000t\000h\000i\000l\000f\000e\000v\000e\000r\000z\000e\000i\000c\000h\000n\000i\000s\000\040\000d\000e\000r\000\040\000D\000H\000S}{appendix.B}% 141
\BOOKMARK [1][-]{section.B.2}{\376\377\000i\000n\000f\000o\000d\000r\000o\000g\000\040\000S\000u\000c\000h\000t\000i\000n\000d\000e\000x}{appendix.B}% 142
\BOOKMARK [0][-]{appendix.C}{\376\377\000F\000l\000y\000e\000r}{}% 143
\BOOKMARK [0][-]{appendix.D}{\376\377\000S\000t\000u\000d\000i\000e\000n\000i\000n\000f\000o\000r\000m\000a\000t\000i\000o\000n}{}% 144
\BOOKMARK [0][-]{appendix.E}{\376\377\000D\000a\000t\000e\000n\000s\000c\000h\000u\000t\000z\000e\000r\000k\000l\000\344\000r\000u\000n\000g}{}% 145
