This is pdfTeX, Version 3.141592653-2.6-1.40.22 (TeX Live 2022/dev/Debian) (preloaded format=pdflatex 2026.1.30)  31 AUG 2026 20:54
entering extended mode
 restricted \write18 enabled.
 file:line:error style messages enabled.
 %&-line parsing enabled.
**main.tex
(./main.tex
LaTeX2e <2021-11-15> patch level 1
L3 programming layer <2022-01-21> (/usr/share/texlive/texmf-dist/tex/latex/base/book.cls
Document Class: book 2021/10/04 v1.4n Standard LaTeX document class
(/usr/share/texlive/texmf-dist/tex/latex/base/bk11.clo
File: bk11.clo 2021/10/04 v1.4n Standard LaTeX file (size option)
)
\c@part=\count185
\c@chapter=\count186
\c@section=\count187
\c@subsection=\count188
\c@subsubsection=\count189
\c@paragraph=\count190
\c@subparagraph=\count191
\c@figure=\count192
\c@table=\count193
\abovecaptionskip=\skip47
\belowcaptionskip=\skip48
\bibindent=\dimen138
) (./bhtThesis.sty
Package: bhtThesis 2021/08/26 v2.0 BHT Abschlussarbeit-Style
 2021/08/26 v2.0 BHT-Thesis-Style, S. Tschirley, tschirley@bht-berlin.de (/usr/share/texlive/texmf-dist/tex/latex/base/ifthen.sty
Package: ifthen 2020/11/24 v1.1c Standard LaTeX ifthen package (DPC)
) (/usr/share/texlive/texmf-dist/tex/generic/iftex/ifluatex.sty
Package: ifluatex 2019/10/25 v1.5 ifluatex legacy package. Use iftex instead.
 (/usr/share/texlive/texmf-dist/tex/generic/iftex/iftex.sty
Package: iftex 2020/03/06 v1.0d TeX engine tests
)) (/usr/share/texlive/texmf-dist/tex/generic/iftex/ifpdf.sty
Package: ifpdf 2019/10/25 v3.4 ifpdf legacy package. Use iftex instead.
) (/usr/share/texlive/texmf-dist/tex/latex/graphics/graphicx.sty
Package: graphicx 2021/09/16 v1.2d Enhanced LaTeX Graphics (DPC,SPQR)
 (/usr/share/texlive/texmf-dist/tex/latex/graphics/keyval.sty
Package: keyval 2014/10/28 v1.15 key=value parser (DPC)
\KV@toks@=\toks16
) (/usr/share/texlive/texmf-dist/tex/latex/graphics/graphics.sty
Package: graphics 2021/03/04 v1.4d Standard LaTeX Graphics (DPC,SPQR)
 (/usr/share/texlive/texmf-dist/tex/latex/graphics/trig.sty
Package: trig 2021/08/11 v1.11 sin cos tan (DPC)
) (/usr/share/texlive/texmf-dist/tex/latex/graphics-cfg/graphics.cfg
File: graphics.cfg 2016/06/04 v1.11 sample graphics configuration
)
Package graphics Info: Driver file: pdftex.def on input line 107.
 (/usr/share/texlive/texmf-dist/tex/latex/graphics-def/pdftex.def
File: pdftex.def 2020/10/05 v1.2a Graphics/color driver for pdftex
))
\Gin@req@height=\dimen139
\Gin@req@width=\dimen140
) (/usr/share/texlive/texmf-dist/tex/latex/tools/array.sty
Package: array 2021/10/04 v2.5f Tabular extension package (FMi)
\col@sep=\dimen141
\ar@mcellbox=\box50
\extrarowheight=\dimen142
\NC@list=\toks17
\extratabsurround=\skip49
\backup@length=\skip50
\ar@cellbox=\box51
) (/usr/share/texlive/texmf-dist/tex/latex/tools/tabularx.sty
Package: tabularx 2020/01/15 v2.11c `tabularx' package (DPC)
\TX@col@width=\dimen143
\TX@old@table=\dimen144
\TX@old@col=\dimen145
\TX@target=\dimen146
\TX@delta=\dimen147
\TX@cols=\count194
\TX@ftn=\toks18
) (/usr/share/texlive/texmf-dist/tex/latex/tools/multicol.sty
Package: multicol 2021/10/28 v1.9b multicolumn formatting (FMi)
\c@tracingmulticols=\count195
\mult@box=\box52
\multicol@leftmargin=\dimen148
\c@unbalance=\count196
\c@collectmore=\count197
\doublecol@number=\count198
\multicoltolerance=\count199
\multicolpretolerance=\count266
\full@width=\dimen149
\page@free=\dimen150
\premulticols=\dimen151
\postmulticols=\dimen152
\multicolsep=\skip51
\multicolbaselineskip=\skip52
\partial@page=\box53
\last@line=\box54
\maxbalancingoverflow=\dimen153
\mult@rightbox=\box55
\mult@grightbox=\box56
\mult@firstbox=\box57
\mult@gfirstbox=\box58
\@tempa=\box59
\@tempa=\box60
\@tempa=\box61
\@tempa=\box62
\@tempa=\box63
\@tempa=\box64
\@tempa=\box65
\@tempa=\box66
\@tempa=\box67
\@tempa=\box68
\@tempa=\box69
\@tempa=\box70
\@tempa=\box71
\@tempa=\box72
\@tempa=\box73
\@tempa=\box74
\@tempa=\box75
\@tempa=\box76
\@tempa=\box77
\@tempa=\box78
\@tempa=\box79
\@tempa=\box80
\@tempa=\box81
\@tempa=\box82
\@tempa=\box83
\@tempa=\box84
\@tempa=\box85
\@tempa=\box86
\@tempa=\box87
\@tempa=\box88
\@tempa=\box89
\@tempa=\box90
\@tempa=\box91
\@tempa=\box92
\@tempa=\box93
\@tempa=\box94
\c@minrows=\count267
\c@columnbadness=\count268
\c@finalcolumnbadness=\count269
\last@try=\dimen154
\multicolovershoot=\dimen155
\multicolundershoot=\dimen156
\mult@nat@firstbox=\box95
\colbreak@box=\box96
\mc@col@check@num=\count270
) (/usr/share/texlive/texmf-dist/tex/latex/xcolor/xcolor.sty
Package: xcolor 2021/10/31 v2.13 LaTeX color extensions (UK)
 (/usr/share/texlive/texmf-dist/tex/latex/graphics-cfg/color.cfg
File: color.cfg 2016/01/02 v1.6 sample color configuration
)
Package xcolor Info: Driver file: pdftex.def on input line 227.
Package xcolor Info: Model `cmy' substituted by `cmy0' on input line 1352.
Package xcolor Info: Model `hsb' substituted by `rgb' on input line 1356.
Package xcolor Info: Model `RGB' extended on input line 1368.
Package xcolor Info: Model `HTML' substituted by `rgb' on input line 1370.
Package xcolor Info: Model `Hsb' substituted by `hsb' on input line 1371.
Package xcolor Info: Model `tHsb' substituted by `hsb' on input line 1372.
Package xcolor Info: Model `HSB' substituted by `hsb' on input line 1373.
Package xcolor Info: Model `Gray' substituted by `gray' on input line 1374.
Package xcolor Info: Model `wave' substituted by `hsb' on input line 1375.
) (/usr/share/texlive/texmf-dist/tex/latex/changebar/changebar.sty
Package: changebar 2018/03/09 v3.6c Indicate changes with marginal bars
\cb@nextpoint=\count271
\cb@topleft=\count272
\cb@topright=\count273
\cb@botleft=\count274
\cb@botright=\count275
\cb@cnta=\count276
\cb@cntb=\count277
\cb@dima=\dimen157
\cb@curbarwd=\dimen158
\cb@page=\count278
\cb@pagecount=\count279
\cb@odd@left=\dimen159
\cb@odd@right=\dimen160
\cb@even@left=\dimen161
\cb@even@right=\dimen162
\cb@writexy=\write3
\cb@readxy=\read2
\openout3 = `main.cb2'.

\changebarwidth=\skip53
\deletebarwidth=\skip54
\changebarsep=\skip55
\c@changebargrey=\count280
\cb@write=\write4
\cb@read=\read3
\openout4 = `main.cb'.

) (/usr/share/texlive/texmf-dist/tex/latex/siunitx/siunitx.sty
Package: siunitx 2022-02-02 v3.0.46 A comprehensive (SI) units package
\l__siunitx_angle_tmp_dim=\dimen163
\l__siunitx_angle_marker_box=\box97
\l__siunitx_angle_unit_box=\box98
\l__siunitx_compound_count_int=\count281
 (/usr/share/texlive/texmf-dist/tex/latex/translations/translations.sty
Package: translations 2022/01/04 v1.11 internationalization of LaTeX2e packages (CN)
 (/usr/share/texlive/texmf-dist/tex/latex/etoolbox/etoolbox.sty
Package: etoolbox 2020/10/05 v2.5k e-TeX tools for LaTeX (JAW)
\etb@tempcnta=\count282
) (/usr/share/texlive/texmf-dist/tex/generic/pdftexcmds/pdftexcmds.sty
Package: pdftexcmds 2020-06-27 v0.33 Utility functions of pdfTeX for LuaTeX (HO)
 (/usr/share/texlive/texmf-dist/tex/generic/infwarerr/infwarerr.sty
Package: infwarerr 2019/12/03 v1.5 Providing info/warning/error messages (HO)
) (/usr/share/texlive/texmf-dist/tex/generic/ltxcmds/ltxcmds.sty
Package: ltxcmds 2020-05-10 v1.25 LaTeX kernel commands for general use (HO)
)
Package pdftexcmds Info: \pdf@primitive is available.
Package pdftexcmds Info: \pdf@ifprimitive is available.
Package pdftexcmds Info: \pdfdraftmode found.
))
\l__siunitx_number_exponent_fixed_int=\count283
\l__siunitx_number_min_decimal_int=\count284
\l__siunitx_number_min_integer_int=\count285
\l__siunitx_number_round_precision_int=\count286
\l__siunitx_number_group_minimum_int=\count287
 (/usr/share/texlive/texmf-dist/tex/latex/amsmath/amstext.sty
Package: amstext 2021/08/26 v2.01 AMS text
 (/usr/share/texlive/texmf-dist/tex/latex/amsmath/amsgen.sty
File: amsgen.sty 1999/11/30 v2.0 generic functions
\@emptytoks=\toks19
\ex@=\dimen164
))
\l__siunitx_table_tmp_box=\box99
\l__siunitx_table_tmp_dim=\dimen165
\l__siunitx_table_column_width_dim=\dimen166
\l__siunitx_table_integer_box=\box100
\l__siunitx_table_decimal_box=\box101
\l__siunitx_table_before_box=\box102
\l__siunitx_table_after_box=\box103
\l__siunitx_table_before_dim=\dimen167
\l__siunitx_table_carry_dim=\dimen168
\l__siunitx_unit_tmp_int=\count288
\l__siunitx_unit_position_int=\count289
\l__siunitx_unit_total_int=\count290
 (/usr/share/texlive/texmf-dist/tex/latex/l3packages/l3keys2e/l3keys2e.sty (/usr/share/texlive/texmf-dist/tex/latex/l3kernel/expl3.sty
Package: expl3 2022-01-21 L3 programming layer (loader) 
 (/usr/share/texlive/texmf-dist/tex/latex/l3backend/l3backend-pdftex.def
File: l3backend-pdftex.def 2022-01-12 L3 backend support: PDF output (pdfTeX)
\l__color_backend_stack_int=\count291
\l__pdf_internal_box=\box104
))
Package: l3keys2e 2022-01-12 LaTeX2e option processing using LaTeX3 keys
)) (/usr/share/texlive/texmf-dist/tex/latex/base/inputenc.sty
Package: inputenc 2021/02/14 v1.3d Input encoding file
\inpenc@prehook=\toks20
\inpenc@posthook=\toks21
) (/usr/share/texlive/texmf-dist/tex/generic/babel/babel.sty
Package: babel 2022/01/26 3.70 The Babel package
\babel@savecnt=\count292
\U@D=\dimen169
\l@unhyphenated=\language87

(/usr/share/texlive/texmf-dist/tex/generic/babel/txtbabel.def)
\bbl@readstream=\read4
\bbl@dirlevel=\count293
 (/usr/share/texlive/texmf-dist/tex/generic/babel-german/ngerman.ldf
Language: ngerman 2021/02/27 v2.13 German support for babel (post-1996 orthography)
 (/usr/share/texlive/texmf-dist/tex/generic/babel-german/ngermanb.ldf
Language: ngermanb 2021/02/27 v2.13 German support for babel (post-1996 orthography)
Package babel Info: Making " an active character on input line 122.
))) (/usr/share/texlive/texmf-dist/tex/latex/ae/ae.sty
Package: ae 2001/02/12 1.3 Almost European Computer Modern
 (/usr/share/texlive/texmf-dist/tex/latex/base/fontenc.sty
Package: fontenc 2021/04/29 v2.0v Standard LaTeX package
)) (/usr/share/texlive/texmf-dist/tex/latex/psnfss/pifont.sty
Package: pifont 2020/03/25 PSNFSS-v9.3 Pi font support (SPQR) 
LaTeX Font Info:    Trying to load font information for U+pzd on input line 63.
 (/usr/share/texlive/texmf-dist/tex/latex/psnfss/upzd.fd
File: upzd.fd 2001/06/04 font definitions for U/pzd.
)
LaTeX Font Info:    Trying to load font information for U+psy on input line 64.
 (/usr/share/texlive/texmf-dist/tex/latex/psnfss/upsy.fd
File: upsy.fd 2001/06/04 font definitions for U/psy.
)) (/usr/share/texlive/texmf-dist/tex/latex/libertine/libertine.sty
Package: libertine 2020/03/26 (Bob Tennent) Supports Libertine and Biolinum fonts for all LaTeX engines.
 (/usr/share/texlive/texmf-dist/tex/generic/iftex/ifxetex.sty
Package: ifxetex 2019/10/25 v0.7 ifxetex legacy package. Use iftex instead.
) (/usr/share/texlive/texmf-dist/tex/latex/xkeyval/xkeyval.sty
Package: xkeyval 2020/11/20 v2.8 package option processing (HA)
 (/usr/share/texlive/texmf-dist/tex/generic/xkeyval/xkeyval.tex (/usr/share/texlive/texmf-dist/tex/generic/xkeyval/xkvutils.tex
\XKV@toks=\toks22
\XKV@tempa@toks=\toks23
)
\XKV@depth=\count294
File: xkeyval.tex 2014/12/03 v2.7a key=value parser (HA)
)) (/usr/share/texlive/texmf-dist/tex/latex/base/textcomp.sty
Package: textcomp 2020/02/02 v2.0n Standard LaTeX package
) (/usr/share/texlive/texmf-dist/tex/latex/base/fontenc.sty
Package: fontenc 2021/04/29 v2.0v Standard LaTeX package
LaTeX Font Info:    Trying to load font information for T1+aer on input line 112.
 (/usr/share/texlive/texmf-dist/tex/latex/ae/t1aer.fd
File: t1aer.fd 1997/11/16 Font definitions for T1/aer.
)) (/usr/share/texlive/texmf-dist/tex/latex/fontaxes/fontaxes.sty
Package: fontaxes 2020/07/21 v1.0e Font selection axes
LaTeX Info: Redefining \upshape on input line 29.
LaTeX Info: Redefining \itshape on input line 31.
LaTeX Info: Redefining \slshape on input line 33.
LaTeX Info: Redefining \swshape on input line 35.
LaTeX Info: Redefining \scshape on input line 37.
LaTeX Info: Redefining \sscshape on input line 39.
LaTeX Info: Redefining \ulcshape on input line 41.
LaTeX Info: Redefining \textsw on input line 47.
LaTeX Info: Redefining \textssc on input line 48.
LaTeX Info: Redefining \textulc on input line 49.
)
LaTeX Info: Redefining \oldstylenums on input line 484.
 (/usr/share/texlive/texmf-dist/tex/latex/libertine/LinLibertine_I.tex)) (/usr/share/texlive/texmf-dist/tex/latex/base/fontenc.sty
Package: fontenc 2021/04/29 v2.0v Standard LaTeX package
LaTeX Font Info:    Trying to load font information for T1+LinuxLibertineT-TLF on input line 112.
 (/usr/share/texlive/texmf-dist/tex/latex/libertine/T1LinuxLibertineT-TLF.fd
File: T1LinuxLibertineT-TLF.fd 2017/03/20 (autoinst) Font definitions for T1/LinuxLibertineT-TLF.
)
LaTeX Font Info:    Font shape `T1/LinuxLibertineT-TLF/m/n' will be
(Font)              scaled to size 10.95pt on input line 112.
) (/usr/share/texlive/texmf-dist/tex/latex/bera/beramono.sty
Package: beramono 2004/01/31 (WaS)
) (/usr/share/texlive/texmf-dist/tex/latex/amsfonts/amssymb.sty
Package: amssymb 2013/01/14 v3.01 AMS font symbols
 (/usr/share/texlive/texmf-dist/tex/latex/amsfonts/amsfonts.sty
Package: amsfonts 2013/01/14 v3.01 Basic AMSFonts support
\symAMSa=\mathgroup4
\symAMSb=\mathgroup5
LaTeX Font Info:    Redeclaring math symbol \hbar on input line 98.
LaTeX Font Info:    Overwriting math alphabet `\mathfrak' in version `bold'
(Font)                  U/euf/m/n --> U/euf/b/n on input line 106.
)) (/usr/share/texlive/texmf-dist/tex/latex/amsmath/amsmath.sty
Package: amsmath 2021/10/15 v2.17l AMS math features
\@mathmargin=\skip56

For additional information on amsmath, use the `?' option.
(/usr/share/texlive/texmf-dist/tex/latex/amsmath/amsbsy.sty
Package: amsbsy 1999/11/29 v1.2d Bold Symbols
\pmbraise@=\dimen170
) (/usr/share/texlive/texmf-dist/tex/latex/amsmath/amsopn.sty
Package: amsopn 2021/08/26 v2.02 operator names
)
\inf@bad=\count295
LaTeX Info: Redefining \frac on input line 234.
\uproot@=\count296
\leftroot@=\count297
LaTeX Info: Redefining \overline on input line 399.
\classnum@=\count298
\DOTSCASE@=\count299
LaTeX Info: Redefining \ldots on input line 496.
LaTeX Info: Redefining \dots on input line 499.
LaTeX Info: Redefining \cdots on input line 620.
\Mathstrutbox@=\box105
\strutbox@=\box106
\big@size=\dimen171
LaTeX Font Info:    Redeclaring font encoding OML on input line 743.
LaTeX Font Info:    Redeclaring font encoding OMS on input line 744.
\macc@depth=\count300
\c@MaxMatrixCols=\count301
\dotsspace@=\muskip16
\c@parentequation=\count302
\dspbrk@lvl=\count303
\tag@help=\toks24
\row@=\count304
\column@=\count305
\maxfields@=\count306
\andhelp@=\toks25
\eqnshift@=\dimen172
\alignsep@=\dimen173
\tagshift@=\dimen174
\tagwidth@=\dimen175
\totwidth@=\dimen176
\lineht@=\dimen177
\@envbody=\toks26
\multlinegap=\skip57
\multlinetaggap=\skip58
\mathdisplay@stack=\toks27
LaTeX Info: Redefining \[ on input line 2938.
LaTeX Info: Redefining \] on input line 2939.
) (/usr/share/texlive/texmf-dist/tex/latex/fancyhdr/fancyhdr.sty
Package: fancyhdr 2021/01/28 v4.0.1 Extensive control of page headers and footers
\f@nch@headwidth=\skip59
\f@nch@O@elh=\skip60
\f@nch@O@erh=\skip61
\f@nch@O@olh=\skip62
\f@nch@O@orh=\skip63
\f@nch@O@elf=\skip64
\f@nch@O@erf=\skip65
\f@nch@O@olf=\skip66
\f@nch@O@orf=\skip67
))
BHT-Abschlussarbeit V2.0 26.08.21 S.Tschirley
(/usr/share/texlive/texmf-dist/tex/latex/blindtext/blindtext.sty
Package: blindtext 2012/01/06 V2.0 blindtext-Package
 (/usr/share/texlive/texmf-dist/tex/latex/tools/xspace.sty
Package: xspace 2014/10/28 v1.13 Space after command names (DPC,MH)
)
\c@blindtext=\count307
\c@Blindtext=\count308
\c@blind@countparstart=\count309
\blind@countxx=\count310
\blindtext@numBlindtext=\count311
\blind@countyy=\count312
\c@blindlist=\count313
\c@blindlistlevel=\count314
\c@blindlist@level=\count315
\blind@listitem=\count316
\c@blind@listcount=\count317
\c@blind@levelcount=\count318
\blind@mathformula=\count319
\blind@Mathformula=\count320
\c@blind@randomcount=\count321
\c@blind@randommax=\count322
\c@blind@pangramcount=\count323
\c@blind@pangrammax=\count324
) (/usr/share/texlive/texmf-dist/tex/latex/listings/listings.sty
\lst@mode=\count325
\lst@gtempboxa=\box107
\lst@token=\toks28
\lst@length=\count326
\lst@currlwidth=\dimen178
\lst@column=\count327
\lst@pos=\count328
\lst@lostspace=\dimen179
\lst@width=\dimen180
\lst@newlines=\count329
\lst@lineno=\count330
\lst@maxwidth=\dimen181
 (/usr/share/texlive/texmf-dist/tex/latex/listings/lstmisc.sty
File: lstmisc.sty 2020/03/24 1.8d (Carsten Heinz)
\c@lstnumber=\count331
\lst@skipnumbers=\count332
\lst@framebox=\box108
) (/usr/share/texlive/texmf-dist/tex/latex/listings/listings.cfg
File: listings.cfg 2020/03/24 1.8d listings configuration
))
Package: listings 2020/03/24 1.8d (Carsten Heinz)
 (/usr/share/texlive/texmf-dist/tex/latex/trsym/trsym.sty
Package: trsym 2000/06/25v1.0transformation symbol font
\symtransfsymbol=\mathgroup6
) (/usr/share/texlive/texmf-dist/tex/latex/bytefield/bytefield.sty
Package: bytefield 2021/08/17 v2.7 Network protocol diagrams
 (/usr/share/texlive/texmf-dist/tex/latex/tools/calc.sty
Package: calc 2017/05/25 v4.3 Infix arithmetic (KKT,FJ)
\calc@Acount=\count333
\calc@Bcount=\count334
\calc@Adimen=\dimen182
\calc@Bdimen=\dimen183
\calc@Askip=\skip68
\calc@Bskip=\skip69
LaTeX Info: Redefining \setlength on input line 80.
LaTeX Info: Redefining \addtolength on input line 81.
\calc@Ccount=\count335
\calc@Cskip=\skip70
)
\bytefield@height=\skip71
\bytefield@height@increment=\skip72
\entire@bytefield@picture=\box109
\bf@bitwidth=\skip73
LaTeX Font Info:    Font shape `T1/LinuxLibertineT-TLF/m/n' will be
(Font)              scaled to size 6.0pt on input line 80.
\bf@bitheight=\skip74
\units@wide=\skip75
\units@tall=\skip76
\units@high=\skip77
\header@xpos=\skip78
\c@header@val=\count336
\c@max@header@val=\count337
\curly@box=\box110
\wordlabelr@start=\skip79
\wordlabelr@end=\skip80
\wordlabell@start=\skip81
\wordlabell@end=\skip82
\total@lbox@width=\skip83
\label@box@width=\skip84
\label@box@height=\skip85
\word@label@box=\box111
) (./personalMacros.tex (/usr/share/texlive/texmf-dist/tex/latex/csquotes/csquotes.sty
Package: csquotes 2021-02-22 v5.2l context-sensitive quotations (JAW)
\csq@reset=\count338
\csq@gtype=\count339
\csq@glevel=\count340
\csq@qlevel=\count341
\csq@maxlvl=\count342
\csq@tshold=\count343
\csq@ltx@everypar=\toks29
 (/usr/share/texlive/texmf-dist/tex/latex/csquotes/csquotes.def
File: csquotes.def 2021-02-22 v5.2l csquotes generic definitions (JAW)
)
Package csquotes Info: Trying to load configuration file 'csquotes.cfg'...
Package csquotes Info: ... configuration file loaded successfully.
 (/usr/share/texlive/texmf-dist/tex/latex/csquotes/csquotes.cfg
File: csquotes.cfg 
)) (/usr/share/texlive/texmf-dist/tex/latex/biblatex/biblatex.sty
Package: biblatex 2022/02/02 v3.17 programmable bibliographies (PK/MW)
 (/usr/share/texlive/texmf-dist/tex/latex/kvoptions/kvoptions.sty
Package: kvoptions 2020-10-07 v3.14 Key value format for package options (HO)
 (/usr/share/texlive/texmf-dist/tex/generic/kvsetkeys/kvsetkeys.sty
Package: kvsetkeys 2019/12/15 v1.18 Key value parser (HO)
)) (/usr/share/texlive/texmf-dist/tex/latex/logreq/logreq.sty
Package: logreq 2010/08/04 v1.0 xml request logger
\lrq@indent=\count344
 (/usr/share/texlive/texmf-dist/tex/latex/logreq/logreq.def
File: logreq.def 2010/08/04 v1.0 logreq spec v1.0
)) (/usr/share/texlive/texmf-dist/tex/latex/url/url.sty
\Urlmuskip=\muskip17
Package: url 2013/09/16  ver 3.4  Verb mode for urls, etc.
)
\c@tabx@nest=\count345
\c@listtotal=\count346
\c@listcount=\count347
\c@liststart=\count348
\c@liststop=\count349
\c@citecount=\count350
\c@citetotal=\count351
\c@multicitecount=\count352
\c@multicitetotal=\count353
\c@instcount=\count354
\c@maxnames=\count355
\c@minnames=\count356
\c@maxitems=\count357
\c@minitems=\count358
\c@citecounter=\count359
\c@maxcitecounter=\count360
\c@savedcitecounter=\count361
\c@uniquelist=\count362
\c@uniquename=\count363
\c@refsection=\count364
\c@refsegment=\count365
\c@maxextratitle=\count366
\c@maxextratitleyear=\count367
\c@maxextraname=\count368
\c@maxextradate=\count369
\c@maxextraalpha=\count370
\c@abbrvpenalty=\count371
\c@highnamepenalty=\count372
\c@lownamepenalty=\count373
\c@maxparens=\count374
\c@parenlevel=\count375
\blx@tempcnta=\count376
\blx@tempcntb=\count377
\blx@tempcntc=\count378
\c@blx@maxsection=\count379
\c@blx@maxsegment@0=\count380
\blx@notetype=\count381
\blx@parenlevel@text=\count382
\blx@parenlevel@foot=\count383
\c@blx@sectionciteorder@0=\count384
\blx@entrysetcounter=\count385
\blx@biblioinstance=\count386
\labelnumberwidth=\skip86
\labelalphawidth=\skip87
\biblabelsep=\skip88
\bibitemsep=\skip89
\bibnamesep=\skip90
\bibinitsep=\skip91
\bibparsep=\skip92
\bibhang=\skip93
\blx@bcfin=\read5
\blx@bcfout=\write5
\blx@langwohyphens=\language88
\c@mincomprange=\count387
\c@maxcomprange=\count388
\c@mincompwidth=\count389
Package biblatex Info: Trying to load biblatex default data model...
Package biblatex Info: ... file 'blx-dm.def' found.
 (/usr/share/texlive/texmf-dist/tex/latex/biblatex/blx-dm.def
File: blx-dm.def 2022/02/02 v3.17 biblatex localization (PK/MW)
)
Package biblatex Info: Trying to load biblatex style data model...
Package biblatex Info: ... file 'numeric.dbx' not found.
Package biblatex Info: Trying to load biblatex custom data model...
Package biblatex Info: ... file 'biblatex-dm.cfg' not found.
\c@afterword=\count390
\c@savedafterword=\count391
\c@annotator=\count392
\c@savedannotator=\count393
\c@author=\count394
\c@savedauthor=\count395
\c@bookauthor=\count396
\c@savedbookauthor=\count397
\c@commentator=\count398
\c@savedcommentator=\count399
\c@editor=\count400
\c@savededitor=\count401
\c@editora=\count402
\c@savededitora=\count403
\c@editorb=\count404
\c@savededitorb=\count405
\c@editorc=\count406
\c@savededitorc=\count407
\c@foreword=\count408
\c@savedforeword=\count409
\c@holder=\count410
\c@savedholder=\count411
\c@introduction=\count412
\c@savedintroduction=\count413
\c@namea=\count414
\c@savednamea=\count415
\c@nameb=\count416
\c@savednameb=\count417
\c@namec=\count418
\c@savednamec=\count419
\c@translator=\count420
\c@savedtranslator=\count421
\c@shortauthor=\count422
\c@savedshortauthor=\count423
\c@shorteditor=\count424
\c@savedshorteditor=\count425
\c@labelname=\count426
\c@savedlabelname=\count427
\c@institution=\count428
\c@savedinstitution=\count429
\c@lista=\count430
\c@savedlista=\count431
\c@listb=\count432
\c@savedlistb=\count433
\c@listc=\count434
\c@savedlistc=\count435
\c@listd=\count436
\c@savedlistd=\count437
\c@liste=\count438
\c@savedliste=\count439
\c@listf=\count440
\c@savedlistf=\count441
\c@location=\count442
\c@savedlocation=\count443
\c@organization=\count444
\c@savedorganization=\count445
\c@origlocation=\count446
\c@savedoriglocation=\count447
\c@origpublisher=\count448
\c@savedorigpublisher=\count449
\c@publisher=\count450
\c@savedpublisher=\count451
\c@language=\count452
\c@savedlanguage=\count453
\c@origlanguage=\count454
\c@savedoriglanguage=\count455
\c@pageref=\count456
\c@savedpageref=\count457
\shorthandwidth=\skip94
\shortjournalwidth=\skip95
\shortserieswidth=\skip96
\shorttitlewidth=\skip97
\shortauthorwidth=\skip98
\shorteditorwidth=\skip99
\locallabelnumberwidth=\skip100
\locallabelalphawidth=\skip101
\localshorthandwidth=\skip102
\localshortjournalwidth=\skip103
\localshortserieswidth=\skip104
\localshorttitlewidth=\skip105
\localshortauthorwidth=\skip106
\localshorteditorwidth=\skip107
Package biblatex Info: Trying to load compatibility code...
Package biblatex Info: ... file 'blx-compat.def' found.
 (/usr/share/texlive/texmf-dist/tex/latex/biblatex/blx-compat.def
File: blx-compat.def 2022/02/02 v3.17 biblatex compatibility (PK/MW)
)
Package biblatex Info: Trying to load generic definitions...
Package biblatex Info: ... file 'biblatex.def' found.
 (/usr/share/texlive/texmf-dist/tex/latex/biblatex/biblatex.def
File: biblatex.def 2022/02/02 v3.17 biblatex compatibility (PK/MW)
\c@textcitecount=\count458
\c@textcitetotal=\count459
\c@textcitemaxnames=\count460
\c@biburlbigbreakpenalty=\count461
\c@biburlbreakpenalty=\count462
\c@biburlnumpenalty=\count463
\c@biburlucpenalty=\count464
\c@biburllcpenalty=\count465
\biburlbigskip=\muskip18
\biburlnumskip=\muskip19
\biburlucskip=\muskip20
\biburllcskip=\muskip21
\c@smartand=\count466
)
Package biblatex Info: Trying to load bibliography style 'numeric'...
Package biblatex Info: ... file 'numeric.bbx' found.
 (/usr/share/texlive/texmf-dist/tex/latex/biblatex/bbx/numeric.bbx
File: numeric.bbx 2022/02/02 v3.17 biblatex bibliography style (PK/MW)
Package biblatex Info: Trying to load bibliography style 'standard'...
Package biblatex Info: ... file 'standard.bbx' found.
 (/usr/share/texlive/texmf-dist/tex/latex/biblatex/bbx/standard.bbx
File: standard.bbx 2022/02/02 v3.17 biblatex bibliography style (PK/MW)
\c@bbx:relatedcount=\count467
\c@bbx:relatedtotal=\count468
))
Package biblatex Info: Trying to load citation style 'numeric'...
Package biblatex Info: ... file 'numeric.cbx' found.
 (/usr/share/texlive/texmf-dist/tex/latex/biblatex/cbx/numeric.cbx
File: numeric.cbx 2022/02/02 v3.17 biblatex citation style (PK/MW)
Package biblatex Info: Redefining '\cite'.
Package biblatex Info: Redefining '\parencite'.
Package biblatex Info: Redefining '\footcite'.
Package biblatex Info: Redefining '\footcitetext'.
Package biblatex Info: Redefining '\smartcite'.
Package biblatex Info: Redefining '\supercite'.
Package biblatex Info: Redefining '\textcite'.
Package biblatex Info: Redefining '\textcites'.
Package biblatex Info: Redefining '\cites'.
Package biblatex Info: Redefining '\parencites'.
Package biblatex Info: Redefining '\smartcites'.
)
Package biblatex Info: Trying to load configuration file...
Package biblatex Info: ... file 'biblatex.cfg' found.
 (/usr/share/texlive/texmf-dist/tex/latex/biblatex/biblatex.cfg
File: biblatex.cfg 
)
Package biblatex Info: Input encoding 'utf8' detected.
Package biblatex Info: Document encoding is UTF8 ....
Package biblatex Info: ... and expl3
(biblatex)             2022-01-21 L3 programming layer (loader) 
(biblatex)             is new enough (at least 2020/04/06),
(biblatex)             setting 'casechanger=expl3'.
 (/usr/share/texlive/texmf-dist/tex/latex/biblatex/blx-case-expl3.sty (/usr/share/texlive/texmf-dist/tex/latex/l3packages/xparse/xparse.sty
Package: xparse 2022-01-12 L3 Experimental document command parser
)
Package: blx-case-expl3 2022/02/02 v3.17 expl3 case changing code for biblatex
)) (/usr/share/texlive/texmf-dist/tex/latex/xurl/xurl.sty
Package: xurl 2022/01/09 v 0.10 modify URL breaks

xurl: Set penalties for biblatex
) (/usr/share/texlive/texmf-dist/tex/latex/hyperref/hyperref.sty
Package: hyperref 2021-06-07 v7.00m Hypertext links for LaTeX
 (/usr/share/texlive/texmf-dist/tex/generic/kvdefinekeys/kvdefinekeys.sty
Package: kvdefinekeys 2019-12-19 v1.6 Define keys (HO)
) (/usr/share/texlive/texmf-dist/tex/generic/pdfescape/pdfescape.sty
Package: pdfescape 2019/12/09 v1.15 Implements pdfTeX's escape features (HO)
) (/usr/share/texlive/texmf-dist/tex/latex/hycolor/hycolor.sty
Package: hycolor 2020-01-27 v1.10 Color options for hyperref/bookmark (HO)
) (/usr/share/texlive/texmf-dist/tex/latex/letltxmacro/letltxmacro.sty
Package: letltxmacro 2019/12/03 v1.6 Let assignment for LaTeX macros (HO)
) (/usr/share/texlive/texmf-dist/tex/latex/auxhook/auxhook.sty
Package: auxhook 2019-12-17 v1.6 Hooks for auxiliary files (HO)
)
\@linkdim=\dimen184
\Hy@linkcounter=\count469
\Hy@pagecounter=\count470
 (/usr/share/texlive/texmf-dist/tex/latex/hyperref/pd1enc.def
File: pd1enc.def 2021-06-07 v7.00m Hyperref: PDFDocEncoding definition (HO)
Now handling font encoding PD1 ...
... no UTF-8 mapping file for font encoding PD1
) (/usr/share/texlive/texmf-dist/tex/latex/hyperref/hyperref-langpatches.def
File: hyperref-langpatches.def 2021-06-07 v7.00m Hyperref: patches for babel languages
) (/usr/share/texlive/texmf-dist/tex/generic/intcalc/intcalc.sty
Package: intcalc 2019/12/15 v1.3 Expandable calculations with integers (HO)
) (/usr/share/texlive/texmf-dist/tex/generic/etexcmds/etexcmds.sty
Package: etexcmds 2019/12/15 v1.7 Avoid name clashes with e-TeX commands (HO)
)
\Hy@SavedSpaceFactor=\count471
 (/usr/share/texlive/texmf-dist/tex/latex/hyperref/puenc.def
File: puenc.def 2021-06-07 v7.00m Hyperref: PDF Unicode definition (HO)
Now handling font encoding PU ...
... no UTF-8 mapping file for font encoding PU
)
Package hyperref Info: Hyper figures OFF on input line 4192.
Package hyperref Info: Link nesting OFF on input line 4197.
Package hyperref Info: Hyper index ON on input line 4200.
Package hyperref Info: Plain pages OFF on input line 4207.
Package hyperref Info: Backreferencing OFF on input line 4212.
Package hyperref Info: Implicit mode ON; LaTeX internals redefined.
Package hyperref Info: Bookmarks ON on input line 4445.
\c@Hy@tempcnt=\count472
LaTeX Info: Redefining \url on input line 4804.
\XeTeXLinkMargin=\dimen185
 (/usr/share/texlive/texmf-dist/tex/generic/bitset/bitset.sty
Package: bitset 2019/12/09 v1.3 Handle bit-vector datatype (HO)
 (/usr/share/texlive/texmf-dist/tex/generic/bigintcalc/bigintcalc.sty
Package: bigintcalc 2019/12/15 v1.5 Expandable calculations on big integers (HO)
))
\Fld@menulength=\count473
\Field@Width=\dimen186
\Fld@charsize=\dimen187
Package hyperref Info: Hyper figures OFF on input line 6076.
Package hyperref Info: Link nesting OFF on input line 6081.
Package hyperref Info: Hyper index ON on input line 6084.
Package hyperref Info: backreferencing OFF on input line 6091.
Package hyperref Info: Link coloring OFF on input line 6096.
Package hyperref Info: Link coloring with OCG OFF on input line 6101.
Package hyperref Info: PDF/A mode OFF on input line 6106.
LaTeX Info: Redefining \ref on input line 6146.
LaTeX Info: Redefining \pageref on input line 6150.
 (/usr/share/texlive/texmf-dist/tex/latex/base/atbegshi-ltx.sty
Package: atbegshi-ltx 2021/01/10 v1.0c Emulation of the original atbegshi
package with kernel methods
)
\Hy@abspage=\count474
\c@Item=\count475
\c@Hfootnote=\count476
)
Package hyperref Info: Driver (autodetected): hpdftex.
 (/usr/share/texlive/texmf-dist/tex/latex/hyperref/hpdftex.def
File: hpdftex.def 2021-06-07 v7.00m Hyperref driver for pdfTeX
 (/usr/share/texlive/texmf-dist/tex/latex/base/atveryend-ltx.sty
Package: atveryend-ltx 2020/08/19 v1.0a Emulation of the original atveryend package
with kernel methods
)
\Fld@listcount=\count477
\c@bookmark@seq@number=\count478
 (/usr/share/texlive/texmf-dist/tex/latex/rerunfilecheck/rerunfilecheck.sty
Package: rerunfilecheck 2019/12/05 v1.9 Rerun checks for auxiliary files (HO)
 (/usr/share/texlive/texmf-dist/tex/generic/uniquecounter/uniquecounter.sty
Package: uniquecounter 2019/12/15 v1.4 Provide unlimited unique counter (HO)
)
Package uniquecounter Info: New unique counter `rerunfilecheck' on input line 286.
)
\Hy@SectionHShift=\skip108
) (/usr/share/texlive/texmf-dist/tex/latex/silence/silence.sty
Package: silence 2012/07/02 v1.5b Selective filtering of warnings and error messages
\sl@Save=\count479
\sl@StateNumber=\count480
\sl@MessageCount=\count481
\sl@Casualties=\count482
\sl@Filter=\toks30
\sl@Message=\toks31
\sl@UnexpandedMessage=\toks32
\sl@Mess@ge=\toks33
\sl@WarningCount=\count483
\sl@WarningNumber=\count484
\sl@WarningCasualties=\count485
\sl@TempBOW=\toks34
\sl@BankOfWarnings=\toks35
LaTeX Info: Redefining \GenericWarning on input line 433.
\sl@ErrorCount=\count486
\sl@ErrorNumber=\count487
\sl@ErrorCasualties=\count488
\sl@TempBOE=\toks36
\sl@BankOfErrors=\toks37
LaTeX Info: Redefining \GenericError on input line 601.
) (/usr/share/texlive/texmf-dist/tex/latex/pdfpages/pdfpages.sty
Package: pdfpages 2022/01/29 v0.5u Insert pages of external PDF documents (AM)
 (/usr/share/texlive/texmf-dist/tex/latex/eso-pic/eso-pic.sty
Package: eso-pic 2020/10/14 v3.0a eso-pic (RN)
\ESO@tempdima=\dimen188
\ESO@tempdimb=\dimen189
)
\AM@pagewidth=\dimen190
\AM@pageheight=\dimen191
\AM@fboxrule=\dimen192
 (/usr/share/texlive/texmf-dist/tex/latex/pdfpages/pppdftex.def
File: pppdftex.def 2022/01/29 v0.5u Pdfpages driver for pdfTeX (AM)
)
\pdfpages@includegraphics@status=\count489
\AM@pagebox=\box112
\AM@global@opts=\toks38
\AM@pagecnt=\count490
\AM@toc@title=\toks39
\c@AM@survey=\count491
\AM@templatesizebox=\box113
) (/usr/share/texlive/texmf-dist/tex/latex/xltabular/xltabular.sty
Package: xltabular 2020/11/04 v0.2e `xltabular' package (hv,RN)
 (/usr/share/texlive/texmf-dist/tex/latex/ltablex/ltablex.sty
Package: ltablex 2014/08/13 v1.1 Modified tabularx
 (/usr/share/texlive/texmf-dist/tex/latex/tools/longtable.sty
Package: longtable 2021-09-01 v4.17 Multi-page Table package (DPC)
\LTleft=\skip109
\LTright=\skip110
\LTpre=\skip111
\LTpost=\skip112
\LTchunksize=\count492
\LTcapwidth=\dimen193
\LT@head=\box114
\LT@firsthead=\box115
\LT@foot=\box116
\LT@lastfoot=\box117
\LT@gbox=\box118
\LT@cols=\count493
\LT@rows=\count494
\c@LT@tables=\count495
\c@LT@chunks=\count496
\LT@p@ftn=\toks40
))) (/usr/share/texlive/texmf-dist/tex/latex/booktabs/booktabs.sty
Package: booktabs 2020/01/12 v1.61803398 Publication quality tables
\heavyrulewidth=\dimen194
\lightrulewidth=\dimen195
\cmidrulewidth=\dimen196
\belowrulesep=\dimen197
\belowbottomsep=\dimen198
\aboverulesep=\dimen199
\abovetopsep=\dimen256
\cmidrulesep=\dimen257
\cmidrulekern=\dimen258
\defaultaddspace=\dimen259
\@cmidla=\count497
\@cmidlb=\count498
\@aboverulesep=\dimen260
\@belowrulesep=\dimen261
\@thisruleclass=\count499
\@lastruleclass=\count500
\@thisrulewidth=\dimen262
)) (/usr/share/texlive/texmf-dist/tex/latex/caption/caption.sty
Package: caption 2020/10/26 v3.5g Customizing captions (AR)
 (/usr/share/texlive/texmf-dist/tex/latex/caption/caption3.sty
Package: caption3 2020/10/21 v2.2e caption3 kernel (AR)
\captionmargin=\dimen263
\captionmargin@=\dimen264
\captionwidth=\dimen265
\caption@tempdima=\dimen266
\caption@indent=\dimen267
\caption@parindent=\dimen268
\caption@hangindent=\dimen269
Package caption Info: Standard document class detected.
)
\c@caption@flags=\count501
\c@continuedfloat=\count502
Package caption Info: hyperref package is loaded.
Package caption Info: listings package is loaded.
Package caption Info: longtable package is loaded.
 (/usr/share/texlive/texmf-dist/tex/latex/caption/ltcaption.sty
Package: ltcaption 2020/05/30 v1.4b longtable captions (AR)
))
-----------------------------------------------------------
----> main.tex ---- Zentrales Dokument---------------------
-----------------------------------------------------------
Package csquotes Info: Checking for multilingual support...
Package csquotes Info: ... found 'babel' package.
Package csquotes Info: Adjusting default style.
Package csquotes Info: Redefining alias 'default' -> 'ngerman'.
(./main.aux)
\openout1 = `main.aux'.

LaTeX Font Info:    Checking defaults for OML/cmm/m/it on input line 79.
LaTeX Font Info:    ... okay on input line 79.
LaTeX Font Info:    Checking defaults for OMS/cmsy/m/n on input line 79.
LaTeX Font Info:    ... okay on input line 79.
LaTeX Font Info:    Checking defaults for OT1/cmr/m/n on input line 79.
LaTeX Font Info:    ... okay on input line 79.
LaTeX Font Info:    Checking defaults for T1/cmr/m/n on input line 79.
LaTeX Font Info:    ... okay on input line 79.
LaTeX Font Info:    Checking defaults for TS1/cmr/m/n on input line 79.
LaTeX Font Info:    ... okay on input line 79.
LaTeX Font Info:    Checking defaults for OMX/cmex/m/n on input line 79.
LaTeX Font Info:    ... okay on input line 79.
LaTeX Font Info:    Checking defaults for U/cmr/m/n on input line 79.
LaTeX Font Info:    ... okay on input line 79.
LaTeX Font Info:    Checking defaults for PD1/pdf/m/n on input line 79.
LaTeX Font Info:    ... okay on input line 79.
LaTeX Font Info:    Checking defaults for PU/pdf/m/n on input line 79.
LaTeX Font Info:    ... okay on input line 79.
 (/usr/share/texlive/texmf-dist/tex/context/base/mkii/supp-pdf.mkii
[Loading MPS to PDF converter (version 2006.09.02).]
\scratchcounter=\count503
\scratchdimen=\dimen270
\scratchbox=\box119
\nofMPsegments=\count504
\nofMParguments=\count505
\everyMPshowfont=\toks41
\MPscratchCnt=\count506
\MPscratchDim=\dimen271
\MPnumerator=\count507
\makeMPintoPDFobject=\count508
\everyMPtoPDFconversion=\toks42
) (/usr/share/texlive/texmf-dist/tex/latex/epstopdf-pkg/epstopdf-base.sty
Package: epstopdf-base 2020-01-24 v2.11 Base part for package epstopdf
Package epstopdf-base Info: Redefining graphics rule for `.eps' on input line 485.
 (/usr/share/texlive/texmf-dist/tex/latex/latexconfig/epstopdf-sys.cfg
File: epstopdf-sys.cfg 2010/07/13 v1.3 Configuration of (r)epstopdf for TeX Live
)) (/usr/share/texlive/texmf-dist/tex/latex/translations/translations-basic-dictionary-german.trsl
File: translations-basic-dictionary-german.trsl (german translation file `translations-basic-dictionary')
)
Package translations Info: loading dictionary `translations-basic-dictionary' for `german'. on input line 79.
\c@mv@tabular=\count509
\c@mv@boldtabular=\count510
\c@lstlisting=\count511
Package biblatex Info: Trying to load language 'ngerman'...
Package biblatex Info: ... file 'ngerman.lbx' found.
 (/usr/share/texlive/texmf-dist/tex/latex/biblatex/lbx/ngerman.lbx
File: ngerman.lbx 2022/02/02 v3.17 biblatex localization (PK/MW)
Package biblatex Info: Trying to load language 'german'...
Package biblatex Info: ... file 'german.lbx' found.
 (/usr/share/texlive/texmf-dist/tex/latex/biblatex/lbx/german.lbx
File: german.lbx 2022/02/02 v3.17 biblatex localization (PK/MW)
)
Package biblatex Info: Trying to load language 'german'...
Package biblatex Info: ... file 'german.lbx' found.
 (/usr/share/texlive/texmf-dist/tex/latex/biblatex/lbx/german.lbx
File: german.lbx 2022/02/02 v3.17 biblatex localization (PK/MW)
))
Package biblatex Info: Input encoding 'utf8' detected.
Package biblatex Info: Automatic encoding selection.
(biblatex)             Assuming data encoding 'utf8'.
\openout5 = `main.bcf'.

Package biblatex Info: Trying to load bibliographic data...
Package biblatex Info: ... file 'main.bbl' found.
 (./main.bbl)
Package biblatex Info: Reference section=0 on input line 79.
Package biblatex Info: Reference segment=0 on input line 79.
Package hyperref Info: Link coloring OFF on input line 79.
 (/usr/share/texlive/texmf-dist/tex/latex/hyperref/nameref.sty
Package: nameref 2021-04-02 v2.47 Cross-referencing by name of section
 (/usr/share/texlive/texmf-dist/tex/latex/refcount/refcount.sty
Package: refcount 2019/12/15 v3.6 Data extraction from label references (HO)
) (/usr/share/texlive/texmf-dist/tex/generic/gettitlestring/gettitlestring.sty
Package: gettitlestring 2019/12/15 v1.6 Cleanup title references (HO)
)
\c@section@level=\count512
)
LaTeX Info: Redefining \ref on input line 79.
LaTeX Info: Redefining \pageref on input line 79.
LaTeX Info: Redefining \nameref on input line 79.
 (./main.out) (./main.out)
\@outlinefile=\write6
\openout6 = `main.out'.

 (/usr/share/texlive/texmf-dist/tex/latex/pdflscape/pdflscape.sty
Package: pdflscape 2019/12/05 v0.12 Display of landscape pages in PDF (HO)
 (/usr/share/texlive/texmf-dist/tex/latex/graphics/lscape.sty
Package: lscape 2020/05/28 v3.02 Landscape Pages (DPC)
)
Package pdflscape Info: Auto-detected driver: pdftex on input line 81.
)
Package caption Info: Begin \AtBeginDocument code.
Package caption Info: End \AtBeginDocument code.
 (./titelseiten.tex
LaTeX Font Info:    Trying to load font information for T1+phv on input line 9.
 (/usr/share/texlive/texmf-dist/tex/latex/psnfss/t1phv.fd
File: t1phv.fd 2020/03/25 scalable font definitions for T1/phv.
)
Underfull \hbox (badness 1448) in paragraph at lines 9--9
[]\T1/phv/b/n/14.4 Kon-zep-ti-on, Ent-wick-lung und Wirksamkeits-
 []

<pictures//BHT-Logo-vertikal.pdf, id=586, 53.01094pt x 126.0707pt>
File: pictures//BHT-Logo-vertikal.pdf Graphic file (type pdf)
<use pictures//BHT-Logo-vertikal.pdf>
Package pdftex.def Info: pictures//BHT-Logo-vertikal.pdf  used on input line 9.
(pdftex.def)             Requested size: 64.01935pt x 152.25937pt.

Overfull \hbox (1.82535pt too wide) in paragraph at lines 9--9
[][] [] 
 []

<BHT-Elements.pdf, id=587, 32.04338pt x 161.86708pt>
File: BHT-Elements.pdf Graphic file (type pdf)
<use BHT-Elements.pdf>
Package pdftex.def Info: BHT-Elements.pdf  used on input line 9.
(pdftex.def)             Requested size: 32.04329pt x 161.86667pt.
LaTeX Font Info:    Trying to load font information for U+msa on input line 9.
(/usr/share/texlive/texmf-dist/tex/latex/amsfonts/umsa.fd
File: umsa.fd 2013/01/14 v3.01 AMS symbols A
)
LaTeX Font Info:    Trying to load font information for U+msb on input line 9.
 (/usr/share/texlive/texmf-dist/tex/latex/amsfonts/umsb.fd
File: umsb.fd 2013/01/14 v3.01 AMS symbols B
)
LaTeX Font Info:    Trying to load font information for U+trsy on input line 9.
 (/usr/share/texlive/texmf-dist/tex/latex/trsym/utrsy.fd
File: utrsy.fd 2000/06/25v1.0transformation symbol font definitions
)
Overfull \hbox (56.63962pt too wide) in paragraph at lines 9--9
[]  []
 []


Underfull \hbox (badness 10000) in paragraph at lines 9--9

 []

<BHT-Studiere-vertikal.pdf, id=588, 8.48169pt x 86.94461pt>
File: BHT-Studiere-vertikal.pdf Graphic file (type pdf)
<use BHT-Studiere-vertikal.pdf>
Package pdftex.def Info: BHT-Studiere-vertikal.pdf  used on input line 9.
(pdftex.def)             Requested size: 11.87424pt x 121.7216pt.
[1

{/var/lib/texmf/fonts/map/pdftex/updmap/pdftex.map} <./pictures//BHT-Logo-vertikal.pdf> <./BHT-Elements.pdf

pdfTeX warning: pdflatex (file ./BHT-Elements.pdf): PDF inclusion: multiple pdfs with page group included in a single page
> <./BHT-Studiere-vertikal.pdf

pdfTeX warning: pdflatex (file ./BHT-Studiere-vertikal.pdf): PDF inclusion: multiple pdfs with page group included in a single page
>]
LaTeX Font Info:    Font shape `T1/LinuxLibertineT-TLF/m/sl' in size <10.95> not available
(Font)              Font shape `T1/LinuxLibertineT-TLF/m/it' tried instead on input line 14.
LaTeX Font Info:    Font shape `T1/LinuxLibertineT-TLF/m/it' will be
(Font)              scaled to size 10.95pt on input line 14.
 [2

] (./abstract_de.tex
LaTeX Font Info:    Font shape `T1/LinuxLibertineT-TLF/m/n' will be
(Font)              scaled to size 14.4pt on input line 7.
LaTeX Font Info:    Font shape `T1/LinuxLibertineT-TLF/b/n' will be
(Font)              scaled to size 14.4pt on input line 7.
) (./abstract_en.tex) [3] [4

]
LaTeX Font Info:    Font shape `T1/LinuxLibertineT-TLF/b/n' will be
(Font)              scaled to size 10.95pt on input line 30.
 [5] [6

]
Underfull \hbox (badness 10000) in paragraph at lines 48--53

 []

LaTeX Font Info:    Font shape `T1/LinuxLibertineT-TLF/m/n' will be
(Font)              scaled to size 10.0pt on input line 55.
[1] [2

]
LaTeX Font Info:    Font shape `T1/LinuxLibertineT-TLF/m/n' will be
(Font)              scaled to size 24.88pt on input line 59.
LaTeX Font Info:    Font shape `T1/LinuxLibertineT-TLF/b/n' will be
(Font)              scaled to size 24.88pt on input line 59.
 (./main.toc [3] [4] [5])
\tf@toc=\write7
\openout7 = `main.toc'.

 [6] (./main.lof)
\tf@lof=\write8
\openout8 = `main.lof'.

) (./einfÃ¼hrung/einfÃ¼hrung.texpdfTeX warning (ext4): destination with the same identifier (name{page.1}) has been already used, duplicate ignored
<to be read again> 
                   \relax 
l.8 \chapter
            *{EinfÃ¼hrung} [1

]pdfTeX warning (ext4): destination with the same identifier (name{page.2}) has been already used, duplicate ignored
<to be read again> 
                   \relax 
l.8 \chapter
            *{EinfÃ¼hrung} [2

]pdfTeX warning (ext4): destination with the same identifier (name{page.3}) has been already used, duplicate ignored
<to be read again> 
                   \relax 
l.11 \newpage
              [3]pdfTeX warning (ext4): destination with the same identifier (name{page.4}) has been already used, duplicate ignored
<to be read again> 
                   \relax 
l.13 \newpage
              [4]pdfTeX warning (ext4): destination with the same identifier (name{page.5}) has been already used, duplicate ignored
<to be read again> 
                   \relax 
l.15 \newpage
              [5]pdfTeX warning (ext4): destination with the same identifier (name{page.6}) has been already used, duplicate ignored
<to be read again> 
                   \relax 
l.17 \newpage
              [6] [7]) (./kapitel1/ch1.tex [8

]
Kapitel 1.
LaTeX Font Info:    Font shape `T1/LinuxLibertineT-TLF/m/n' will be
(Font)              scaled to size 20.74pt on input line 8.
LaTeX Font Info:    Font shape `T1/LinuxLibertineT-TLF/b/n' will be
(Font)              scaled to size 20.74pt on input line 8.

Overfull \hbox (15.85065pt too wide) in paragraph at lines 12--13
\T1/LinuxLibertineT-TLF/m/n/10.95 Deut-sche Krebs-for-schungs-zen-trum be-zif-fert die di-rek-ten jähr-li-chen Kos-ten des Rau-chens in Deutsch-
 []


Underfull \vbox (badness 10000) has occurred while \output is active []

 [9]
Underfull \vbox (badness 10000) has occurred while \output is active []

 [10]
Underfull \vbox (badness 10000) has occurred while \output is active []

 [11] [12] (./revision/kapitel1_update.tex
Overfull \hbox (15.53078pt too wide) in paragraph at lines 11--12
\T1/LinuxLibertineT-TLF/m/n/10.95 ein tech-ni-sches Machbarkeits- und Aus-wahl-ziel. Ver-gli-chen wer-den ei-ne all-ge-mei-ne Image-Labeling-
 []

) [13] [14] [15]) (./kapitel2/ch2.tex [16

]
Kapitel 2.
[17]
Underfull \vbox (badness 7740) has occurred while \output is active []

 [18]) (./revision/kapitel2_update.tex [19]
LaTeX Font Info:    Trying to load font information for T1+fvm on input line 23.
 (/usr/share/texlive/texmf-dist/tex/latex/bera/t1fvm.fd
File: t1fvm.fd 2004/09/07 scalable font definitions for T1/fvm.
)
LaTeX Font Info:    Font shape `T1/fvm/m/n' will be
(Font)              scaled to size 9.08852pt on input line 23.
 [20]
Overfull \hbox (6.24606pt too wide) in paragraph at lines 39--40
\T1/LinuxLibertineT-TLF/m/n/10.95 der Ab-rech-nungs-co-de, lie-gen wei-ter-hin in pri-va-ten App-Einstellungen. Die au-to-ma-ti-sche Android-
 []

) (./revision/kapitel2_dual_registration.tex
Overfull \hbox (8.31242pt too wide) in paragraph at lines 14--15
\T1/LinuxLibertineT-TLF/m/n/10.95 er-hält un-mit-tel-bar einen Be-stä-ti-gungs-zeit-punkt. Die ge-son-der-te tech-ni-sche Prü-fung, ob die Prolific-
 []

) (./revision/kapitel2_prolific_api.tex [21]
Overfull \hbox (19.01282pt too wide) in paragraph at lines 12--13
[]\T1/LinuxLibertineT-TLF/m/n/10.95 Die Prolific-Antwort ent-hält da-ge-gen Submission-Datensätze der kon-fi-gu-rier-ten Stu-die. Die CueLens-
 []


Overfull \hbox (8.25136pt too wide) in paragraph at lines 12--13
\T1/LinuxLibertineT-TLF/m/n/10.95 Prüfroutine ver-ar-bei-tet dar-aus die Fel-der \T1/fvm/m/n/10.95 participant_id \T1/LinuxLibertineT-TLF/m/n/10.95 und \T1/fvm/m/n/10.95 status\T1/LinuxLibertineT-TLF/m/n/10.95 , bis die an-ge-ge-be-ne Prolific-
 []


Overfull \hbox (35.29425pt too wide) in paragraph at lines 12--13
\T1/LinuxLibertineT-TLF/m/n/10.95 CueLens-Teilnehmenden, kön-nen wäh-rend der Prü-fung auch Ken-nun-gen an-de-rer Prolific-Teilnehmender
 []


Overfull \hbox (9.42825pt too wide) in paragraph at lines 12--13
\T1/LinuxLibertineT-TLF/m/n/10.95 im Ar-beitsspei-cher des Ser-vers ver-ar-bei-tet wer-den. Die Prüf-rou-ti-ne per-sis-tiert die-se API-Antworten
 []

) (./kapitel3/ch3.tex [22]
Kapitel 3.
[23

] [24] (./revision/kapitel3_update.tex [25]
Overfull \hbox (7.7014pt too wide) in paragraph at lines 27--28
\T1/LinuxLibertineT-TLF/m/n/10.95 sen Aus-ga-be-la-bel nicht mit den sechs CueLens-Klassen über-ein-stim-men, wird ei-ne ein-fa-che Schlüs-
 []

[26]
Overfull \hbox (3.56233pt too wide) in paragraph at lines 51--52
\T1/LinuxLibertineT-TLF/m/n/10.95 fi-gu-ra-ti-on er-höht die Re-pro-du-zier-bar-keit zwi-schen Läu-fen, nutzt aber nicht zwin-gend die schnells-
 []

)
Overfull \hbox (7.59512pt too wide) in paragraph at lines 63--23
[]\T1/LinuxLibertineT-TLF/m/n/10.95 Zum Zeit-punkt die-ses Ent-wurfs be-schreibt das Re-po-si-to-ry ei-ne re-pro-du-zier-ba-re Trainings-, Export-
 []

[27] [28] [29] [30]) (./kapitel4/ch4.tex [31] [32

]
Kapitel 4.
) (./revision/kapitel4_update.tex [33] [34]) (./revision/kapitel4_ios_native.tex [35]) (./kapitel5/ch5.tex [36]
Kapitel 5.
[37

]
LaTeX Font Info:    Font shape `T1/LinuxLibertineT-TLF/m/n' will be
(Font)              scaled to size 8.0pt on input line 28.
 [38]
Overfull \hbox (7.05072pt too wide) in paragraph at lines 52--53
\T1/LinuxLibertineT-TLF/m/n/10.95 zeugt \T1/fvm/m/n/10.95 index-de.php \T1/LinuxLibertineT-TLF/m/n/10.95 be-zie-hungs-wei-se \T1/fvm/m/n/10.95 index-en.php \T1/LinuxLibertineT-TLF/m/n/10.95 mit \T1/fvm/m/n/10.95 random_bytes(32) \T1/LinuxLibertineT-TLF/m/n/10.95 einen 256-Bit-Token
 []

[39]
Overfull \hbox (4.099pt too wide) in paragraph at lines 62--63
\T1/LinuxLibertineT-TLF/m/n/10.95 aus dem Web-space her-aus mög-lich. Ex-ter-ne Soft-wa-re wie das MySQL-Kommandozeilenprogramm
 []


Package caption Warning: \captionsetup{type*=...} or \captionof
(caption)                outside box or environment on input line 94.
See the caption package documentation for explanation.


Package caption Warning: The option `hypcap=true' will be ignored for this
(caption)                particular \caption on input line 94.
See the caption package documentation for explanation.

[40]

Package caption Warning: The option `hypcap=true' will be ignored for this
(caption)                particular \caption on input line 126.
See the caption package documentation for explanation.


Underfull \vbox (badness 10000) has occurred while \output is active []

 [41]

Package caption Warning: The option `hypcap=true' will be ignored for this
(caption)                particular \caption on input line 146.
See the caption package documentation for explanation.


Underfull \vbox (badness 10000) has occurred while \output is active []

 [42]) (./revision/kapitel5_update.tex
Underfull \vbox (badness 10000) has occurred while \output is active []

 [43] [44] [45] [46]) (./revision/kapitel5_dual_registration.tex
Underfull \hbox (badness 10000) in paragraph at lines 109--4
[]\T1/LinuxLibertineT-TLF/m/n/10 Android-Unit-Tests prü-fen Con-trol-ler-zu-stän-de, HTTP-Protokolle, In-fo-feed-fil-te-rung, Feature-
 []


Underfull \hbox (badness 2096) in paragraph at lines 109--4
\T1/LinuxLibertineT-TLF/m/n/10 Fehlerverhalten und Er-in-ne-rungs-ent-schei-dun-gen. Tests auf ei-nem Android-Gerät be-zie-hungs-wei-se
 []


Underfull \hbox (badness 1184) in paragraph at lines 109--4
\T1/LinuxLibertineT-TLF/m/n/10 Emu-la-tor prü-fen un-ter an-de-rem die Keystore-Verschlüsselung, wech-seln-de In-itia-li-sie-rungs-vek-to-ren,
 []


Underfull \hbox (badness 3803) in paragraph at lines 109--4
\T1/LinuxLibertineT-TLF/m/n/10 ma-ni-pu-lier-te Chif-fra-te, feh-len-de Schlüs-sel, Ent-fer-nung al-ter Klar-text-wer-te, Compose-Oberflächen
 []


Underfull \hbox (badness 1014) in paragraph at lines 109--4
\T1/LinuxLibertineT-TLF/m/n/10 zwan-zig, frü-he Worker-Ausführung, ver-al-te-te Auf-ga-ben, dop-pel-te Be-nach-rich-ti-gun-gen, aus-ste-hen-de
 []


Underfull \hbox (badness 10000) in paragraph at lines 25--25
[]|\T1/LinuxLibertineT-TLF/m/n/10.95 Studieninformation und
 []


Underfull \hbox (badness 2334) in paragraph at lines 26--27
[]|\T1/LinuxLibertineT-TLF/m/n/10.95 kein zu-sätz-li-cher E-Mail-
 []

[47]) (./revision/kapitel5_prolific_api.tex
LaTeX Font Info:    Font shape `T1/LinuxLibertineT-TLF/m/n' will be
(Font)              scaled to size 12.0pt on input line 12.
LaTeX Font Info:    Font shape `T1/LinuxLibertineT-TLF/b/n' will be
(Font)              scaled to size 12.0pt on input line 12.

Underfull \vbox (badness 10000) has occurred while \output is active []

 [48]) (./revision/kapitel5_completion_modes.tex
Underfull \hbox (badness 3635) in paragraph at lines 10--11
[]\T1/LinuxLibertineT-TLF/m/n/10 Die Zu-ord-nung wird aus dem Re-gis-trie-rungs-ka-nal ab-ge-lei-tet: Ei-ne di-rek-te Re-gis-trie-rung er-hält
 []

[49]
Overfull \hbox (7.65617pt too wide) in paragraph at lines 19--19
[]|\T1/LinuxLibertineT-TLF/b/n/10.95 COMPENSATION_CODE| 
 []


Underfull \hbox (badness 10000) in paragraph at lines 22--22
[]|\T1/LinuxLibertineT-TLF/m/n/10.95 Wissenschaftlicher Ab-
 []


Underfull \hbox (badness 10000) in paragraph at lines 23--24
[]|\T1/LinuxLibertineT-TLF/m/n/10.95 kein CueLens-
 []


Underfull \hbox (badness 10000) in paragraph at lines 24--24
[]|\T1/LinuxLibertineT-TLF/m/n/10.95 Zusätzlicher ad-mi-nis-tra-ti-
 []


Underfull \hbox (badness 10000) in paragraph at lines 24--25
[]|\T1/LinuxLibertineT-TLF/m/n/10.95 Abschlussmarkierung in
 []


Overfull \hbox (54.3743pt too wide) in paragraph at lines 25--26
[]|\T1/fvm/m/n/10.95 completion_mode=PROLIFIC_MANUAL| 
 []


Underfull \hbox (badness 10000) in paragraph at lines 26--26
[]|\T1/LinuxLibertineT-TLF/m/n/10.95 unverändert pseud-ony-
 []


Underfull \hbox (badness 10000) in paragraph at lines 26--27
[]|\T1/LinuxLibertineT-TLF/m/n/10.95 unverändert pseud-ony-
 []

) (./revision/kapitel5_android_completion_recovery.tex [50]
Underfull \hbox (badness 10000) in paragraph at lines 19--20
[]|\T1/LinuxLibertineT-TLF/m/n/10.95 regulärer Stu-di-en-fort-schritt
 []


Underfull \hbox (badness 5832) in paragraph at lines 19--20
\T1/LinuxLibertineT-TLF/m/n/10.95 hen-der Re-quest und kei-ne
 []


Overfull \hbox (25.81868pt too wide) in paragraph at lines 20--20
[]|\T1/fvm/m/n/10.95 DirectPendingConfirmation| 
 []


Underfull \hbox (badness 10000) in paragraph at lines 20--20
[]|\T1/LinuxLibertineT-TLF/m/n/10.95 Abrechnungscode emp-fan-
 []


Underfull \hbox (badness 1735) in paragraph at lines 20--20
\T1/LinuxLibertineT-TLF/m/n/10.95 gen und lo-kal ge-spei-chert,
 []


Underfull \hbox (badness 10000) in paragraph at lines 20--21
[]|\T1/LinuxLibertineT-TLF/m/n/10.95 ausschlieÿlich Be-stä-ti-gung
 []


Underfull \hbox (badness 10000) in paragraph at lines 20--21
\T1/LinuxLibertineT-TLF/m/n/10.95 des vor-han-de-nen Co-des
 []


Underfull \hbox (badness 10000) in paragraph at lines 21--21
[]|\T1/LinuxLibertineT-TLF/m/n/10.95 direkter Ab-schluss ein-
 []


Underfull \hbox (badness 10000) in paragraph at lines 21--22
[]|\T1/LinuxLibertineT-TLF/m/n/10.95 weitere Stu-dien-si-tua-tio-nen
 []


Underfull \hbox (badness 4108) in paragraph at lines 21--22
\T1/LinuxLibertineT-TLF/m/n/10.95 ge-sperrt, Co-de kann an-ge-
 []


Underfull \hbox (badness 10000) in paragraph at lines 22--23
[]|\T1/LinuxLibertineT-TLF/m/n/10.95 weitere Stu-dien-si-tua-tio-nen
 []


Underfull \hbox (badness 10000) in paragraph at lines 23--23
[]|\T1/LinuxLibertineT-TLF/m/n/10.95 persistierte An-ga-ben sind
 []


Underfull \hbox (badness 1675) in paragraph at lines 23--23
\T1/LinuxLibertineT-TLF/m/n/10.95 wi-der-sprüch-lich oder nicht
 []


Underfull \hbox (badness 1189) in paragraph at lines 23--24
[]|\T1/LinuxLibertineT-TLF/m/n/10.95 fail clo-sed; kei-ne neue Stu-
 []


Underfull \hbox (badness 4752) in paragraph at lines 23--24
\T1/LinuxLibertineT-TLF/m/n/10.95 dien-si-tua-ti-on, Re-co-ve-ry be-
 []

[51]
Underfull \hbox (badness 2073) in paragraph at lines 53--54
[]\T1/LinuxLibertineT-TLF/m/n/10 Auf der Start-sei-te wer-den aus-ste-hen-de Über-tra-gun-gen und Recovery-Zustände ge-trennt von der
 []


Underfull \hbox (badness 10000) in paragraph at lines 53--54
\T1/LinuxLibertineT-TLF/m/n/10 nor-ma-len Sperr-zeit dar-ge-stellt. So-lan-ge \T1/fvm/m/n/10 studyTransferPending \T1/LinuxLibertineT-TLF/m/n/10 be-zie-hungs-wei-se ein lo-ka-les
 []


Underfull \hbox (badness 1189) in paragraph at lines 53--54
\T1/fvm/m/n/10 hasPendingSubmission \T1/LinuxLibertineT-TLF/m/n/10 vor-liegt, wird der Start ei-ner neu-en Si-tua-ti-on de-ak-ti-viert und statt-des-sen
 []

[52]
LaTeX Font Info:    Font shape `T1/LinuxLibertineT-TLF/m/it' will be
(Font)              scaled to size 10.0pt on input line 61.
) (./revision/kapitel5_automated_tests.tex
Underfull \hbox (badness 1502) in paragraph at lines 6--6
[]\T1/LinuxLibertineT-TLF/b/n/14.4 Erweiterte au-to-ma-ti-sier-te Ve-ri-fi-ka-ti-on von An-dro-id, Ba-
 []


Underfull \hbox (badness 10000) in paragraph at lines 20--20
[]|\T1/LinuxLibertineT-TLF/m/n/10.95 Android In-stru-
 []


Underfull \hbox (badness 10000) in paragraph at lines 21--21
[]|\T1/LinuxLibertineT-TLF/m/n/10.95 Backend Unit-
 []


Underfull \hbox (badness 10000) in paragraph at lines 21--22
[]|\T1/LinuxLibertineT-TLF/m/n/10.95 Validierung, Prolific-API-Logik,
 []


Underfull \hbox (badness 4303) in paragraph at lines 21--22
\T1/LinuxLibertineT-TLF/m/n/10.95 Ab-schlussant-wor-ten, Fehler- und
 []


Underfull \hbox (badness 10000) in paragraph at lines 23--23
[]|\T1/LinuxLibertineT-TLF/m/n/10.95 Web-Browser-
 []


Overfull \hbox (25.1262pt too wide) in paragraph at lines 23--23
[]|\T1/LinuxLibertineT-TLF/m/n/10.95 Firefox/GeckoDriver/WebDriver| 
 []


Underfull \hbox (badness 2134) in paragraph at lines 23--24
\T1/LinuxLibertineT-TLF/m/n/10.95 li-sier-te Va-li-die-rung und ka-nal-ab-
 []


Package fancyhdr Warning: \headheight is too small (14.0pt): 
(fancyhdr)                Make it at least 24.9125pt, for example:
(fancyhdr)                \setlength{\headheight}{24.9125pt}.
(fancyhdr)                You might also make \topmargin smaller to compensate:
(fancyhdr)                \addtolength{\topmargin}{-10.9125pt}.

[53]
Underfull \hbox (badness 10000) in paragraph at lines 41--42
[]\T1/LinuxLibertineT-TLF/m/n/10 Die Ab-schluss-lo-gik be-sitzt so-wohl iso-lier-te Pro-to-koll-tests als auch Da-ten-ban-kin-te-gra-ti-ons-
 []


Underfull \hbox (badness 3815) in paragraph at lines 41--42
\T1/LinuxLibertineT-TLF/m/n/10 tests. Die Unit-Tests ve-ri-fi-zie-ren, dass ein di-rek-ter Ab-schluss einen UUID-v4-Abrechnungscode,
 []


Underfull \hbox (badness 10000) in paragraph at lines 41--42
\T1/LinuxLibertineT-TLF/m/n/10 aber kein \T1/fvm/m/n/10 completion_mode\T1/LinuxLibertineT-TLF/m/n/10 -Feld ent-hält, wäh-rend ein Prolific-Abschluss aus-schlieÿ-lich
 []


Underfull \hbox (badness 1648) in paragraph at lines 41--42
\T1/fvm/m/n/10 completion_mode=PROLIFIC_MANUAL \T1/LinuxLibertineT-TLF/m/n/10 und kei-nen Ab-rech-nungs-co-de zu-rück-gibt. Die MariaDB-Tests
 []

[54]
Underfull \hbox (badness 1571) in paragraph at lines 51--52
[]\T1/LinuxLibertineT-TLF/m/n/10 Diese Tests er-gän-zen die be-reits vor-han-de-nen in-stru-men-tier-ten Prü-fun-gen für An-dro-id Key-sto-re,
 []


Underfull \hbox (badness 10000) in paragraph at lines 55--56
\T1/LinuxLibertineT-TLF/m/n/10 Die Re-gis-trie-rungs-web-sei-te wird nicht aus-schlieÿ-lich über ser-ver-sei-ti-ge PHP-Tests ge-prüft.
 []


Underfull \hbox (badness 4805) in paragraph at lines 55--56
\T1/fvm/m/n/10 FormValidationBrowserTest.php \T1/LinuxLibertineT-TLF/m/n/10 star-tet be-zie-hungs-wei-se ver-wen-det Gecko-Dri-ver, er-zeugt ei-ne
 []


Underfull \vbox (badness 10000) has occurred while \output is active []



Package fancyhdr Warning: \headheight is too small (14.0pt): 
(fancyhdr)                Make it at least 24.9125pt, for example:
(fancyhdr)                \setlength{\headheight}{24.9125pt}.
(fancyhdr)                You might also make \topmargin smaller to compensate:
(fancyhdr)                \addtolength{\topmargin}{-10.9125pt}.

[55]) (./revision/kapitel5_ios_native.tex
LaTeX Font Info:    Font shape `T1/LinuxLibertineT-TLF/m/n' will be
(Font)              scaled to size 7.0pt on input line 11.
LaTeX Font Info:    Font shape `T1/LinuxLibertineT-TLF/m/n' will be
(Font)              scaled to size 5.0pt on input line 11.
 [56]) (./revision/kapitel5_platform_independent_spec.tex [57]
Underfull \hbox (badness 10000) in paragraph at lines 35--36
[]|\T1/LinuxLibertineT-TLF/m/n/10.95 Jetpack Com-po-se be-zie-
 []


Underfull \hbox (badness 10000) in paragraph at lines 36--36
[]|\T1/LinuxLibertineT-TLF/m/n/10.95 kein Klar-text-to-ken, kei-ne
 []


Underfull \hbox (badness 10000) in paragraph at lines 36--36
\T1/LinuxLibertineT-TLF/m/n/10.95 Cloud-Synchronisation, fail
 []


Underfull \hbox (badness 10000) in paragraph at lines 36--37
[]|\T1/LinuxLibertineT-TLF/m/n/10.95 Android Key-sto-re be-zie-
 []


Underfull \hbox (badness 10000) in paragraph at lines 37--37
[]|\T1/LinuxLibertineT-TLF/m/n/10.95 vollständige Matching-
 []


Underfull \hbox (badness 10000) in paragraph at lines 37--37
\T1/LinuxLibertineT-TLF/m/n/10.95 Permutation und zu-fäl-li-ge
 []


Underfull \hbox (badness 10000) in paragraph at lines 37--38
[]|\T1/LinuxLibertineT-TLF/m/n/10.95 plattformeigener Zu-falls-
 []


Underfull \hbox (badness 8170) in paragraph at lines 37--38
\T1/LinuxLibertineT-TLF/m/n/10.95 zah-len-ge-ne-ra-tor; kon-kre-te
 []


Overfull \hbox (2.78339pt too wide) in paragraph at lines 38--38
[]|\T1/LinuxLibertineT-TLF/m/n/10.95 Hintergrundmechanismen| 
 []


Underfull \hbox (badness 10000) in paragraph at lines 38--38
[]|\T1/LinuxLibertineT-TLF/m/n/10.95 Hintergrundausführung
 []


Underfull \hbox (badness 10000) in paragraph at lines 38--38
\T1/LinuxLibertineT-TLF/m/n/10.95 nicht au-to-ri-ta-tiv für For-
 []


Underfull \hbox (badness 10000) in paragraph at lines 39--39
[]|\T1/LinuxLibertineT-TLF/m/n/10.95 nur zu-läs-si-ger Stu-di-en-zu-
 []


Underfull \hbox (badness 10000) in paragraph at lines 40--40
[]|\T1/LinuxLibertineT-TLF/m/n/10.95 kein Über-sprin-gen be-stä-ti-
 []


Underfull \hbox (badness 10000) in paragraph at lines 40--41
[]|\T1/LinuxLibertineT-TLF/m/n/10.95 Android-Back-Verhalten
 []


Underfull \hbox (badness 10000) in paragraph at lines 40--41
\T1/LinuxLibertineT-TLF/m/n/10.95 be-zie-hungs-wei-se na-ti-ve
 []


Underfull \hbox (badness 10000) in paragraph at lines 41--42
[]|\T1/LinuxLibertineT-TLF/m/n/10.95 bestehender zu-sätz-li-cher
 []


Underfull \hbox (badness 10000) in paragraph at lines 41--42
\T1/LinuxLibertineT-TLF/m/n/10.95 Android-Dialog be-zie-
 []


Underfull \hbox (badness 10000) in paragraph at lines 41--42
\T1/LinuxLibertineT-TLF/m/n/10.95 hungs-wei-se vor-ge-la-ger-te
 []


Underfull \hbox (badness 10000) in paragraph at lines 42--42
[]|\T1/LinuxLibertineT-TLF/m/n/10.95 Reizfolge, War-te-zei-ten und
 []

[58]) (./revision/kapitel5_ios_security_architecture.tex [59]
Underfull \hbox (badness 10000) in paragraph at lines 19--19
[]|\T1/LinuxLibertineT-TLF/m/n/10.95 Keychain, nicht
 []


Underfull \hbox (badness 10000) in paragraph at lines 19--19
\T1/LinuxLibertineT-TLF/m/n/10.95 syn-chro-ni-sier-bar,
 []


Underfull \hbox (badness 3758) in paragraph at lines 20--20
[]|\T1/LinuxLibertineT-TLF/m/n/10.95 atomare Da-tei mit voll-stän-di-
 []


Underfull \hbox (badness 1859) in paragraph at lines 20--20
\T1/LinuxLibertineT-TLF/m/n/10.95 gem Datei-schutz und Backup-
 []


Underfull \hbox (badness 2495) in paragraph at lines 21--21
[]|\T1/LinuxLibertineT-TLF/m/n/10.95 geschützter zu-fäl-li-ger 32-Byte-
 []


Underfull \hbox (badness 10000) in paragraph at lines 21--22
[]|\T1/LinuxLibertineT-TLF/m/n/10.95 inkonsistente Neu-in-stal-la-
 []


Underfull \hbox (badness 6268) in paragraph at lines 21--22
\T1/LinuxLibertineT-TLF/m/n/10.95 ti-ons-la-ge führt fail clo-sed;
 []


Underfull \hbox (badness 10000) in paragraph at lines 21--22
\T1/LinuxLibertineT-TLF/m/n/10.95 ver-wais-ter Keychain-Token
 []


Underfull \hbox (badness 10000) in paragraph at lines 22--22
[]|\T1/LinuxLibertineT-TLF/m/n/10.95 Aktivierungs-
 []


Underfull \hbox (badness 3482) in paragraph at lines 22--23
[]|\T1/LinuxLibertineT-TLF/m/n/10.95 keine au-to-ma-ti-sche er-neu-te
 []


Underfull \hbox (badness 4060) in paragraph at lines 22--23
\T1/LinuxLibertineT-TLF/m/n/10.95 Ak-ti-vie-rung bei mehr-deu-ti-
 []


Underfull \hbox (badness 6978) in paragraph at lines 23--24
\T1/LinuxLibertineT-TLF/m/n/10.95 Pro-to-kol-lant-wort wird ver-
 []


Overfull \hbox (15.59421pt too wide) in paragraph at lines 24--24
[]|\T1/LinuxLibertineT-TLF/m/n/10.95 Bildschirm/Notifications| 
 []


Underfull \hbox (badness 1199) in paragraph at lines 24--25
\T1/LinuxLibertineT-TLF/m/n/10.95 nach-rich-ti-gungs-text of-fen-ge-
 []


Underfull \hbox (badness 3503) in paragraph at lines 25--26
\T1/LinuxLibertineT-TLF/m/n/10.95 Archiv- und Re-al-ge-rä-te-prü-
 []


Underfull \hbox (badness 10000) in paragraph at lines 31--32
\T1/LinuxLibertineT-TLF/m/n/10 Der App-Token wird auf iOS nicht zu-sätz-lich durch ei-ne selbst ver-wal-te-te sym-me-tri-sche
 []


Underfull \hbox (badness 10000) in paragraph at lines 31--32
\T1/LinuxLibertineT-TLF/m/n/10 Ver-schlüs-se-lungs-schicht ge-schützt, son-dern als Generic-Password-Eintrag im sys-te-mei-ge-nen
 []


Underfull \hbox (badness 10000) in paragraph at lines 31--32
\T1/LinuxLibertineT-TLF/m/n/10 Keychain ge-spei-chert. Der De-s-crip-tor ver-wen-det den Ser-vice \T1/fvm/m/n/10 de.eachandevery.cuelens\T1/LinuxLibertineT-TLF/m/n/10 ,
 []


Underfull \hbox (badness 10000) in paragraph at lines 31--32
\T1/LinuxLibertineT-TLF/m/n/10 das Kon-to \T1/fvm/m/n/10 app-token-v1\T1/LinuxLibertineT-TLF/m/n/10 , \T1/fvm/m/n/10 kSecAttrSynchronizable=false \T1/LinuxLibertineT-TLF/m/n/10 und die Zu-griffs-klas-se
 []


Underfull \hbox (badness 2042) in paragraph at lines 31--32
\T1/fvm/m/n/10 kSecAttrAccessibleWhenUnlockedThisDeviceOnly\T1/LinuxLibertineT-TLF/m/n/10 . Da-durch ist der Credential-Eintrag aus-drück-
 []


Underfull \hbox (badness 1924) in paragraph at lines 31--32
\T1/LinuxLibertineT-TLF/m/n/10 aus-schlieÿ-lich einen syn-tak-tisch gül-ti-gen UUID-v4-Token; ein nicht de-ko-dier-ba-rer Wert wird als
 []

[60]
Underfull \hbox (badness 1546) in paragraph at lines 39--40
\T1/LinuxLibertineT-TLF/m/n/10 Studienfortschritt, Pending-Craving und Ab-schluss-zu-stand lie-gen nicht in \T1/fvm/m/n/10 UserDefaults\T1/LinuxLibertineT-TLF/m/n/10 , son-dern
 []


Underfull \hbox (badness 2269) in paragraph at lines 39--40
\T1/LinuxLibertineT-TLF/m/n/10 in ei-ner ei-ge-nen Da-tei un-ter \T1/fvm/m/n/10 Library/Application Support/CueLens\T1/LinuxLibertineT-TLF/m/n/10 . Ver-zeich-nis-se und Da-tei-
 []


Underfull \hbox (badness 5622) in paragraph at lines 39--40
\T1/LinuxLibertineT-TLF/m/n/10 en wer-den mit \T1/fvm/m/n/10 FileProtectionType.complete \T1/LinuxLibertineT-TLF/m/n/10 an-ge-legt; zu-sätz-lich setzt die Im-ple-men-tie-rung
 []


Underfull \hbox (badness 10000) in paragraph at lines 43--44
[]\T1/LinuxLibertineT-TLF/m/n/10 Für den zwei-stu-fi-gen Ak-ti-vie-rungs-pro-zess exis-tiert ein wei-te-rer klei-ner ge-schütz-ter Per-sis-
 []


Underfull \hbox (badness 4846) in paragraph at lines 43--44
\T1/LinuxLibertineT-TLF/m/n/10 tenz-zu-stand. Vor dem po-ten-zi-ell mehr-deu-ti-gen Be-stä-ti-gungs-re-quest kann ein neu-tra-ler Mar-ker
 []

[61]
Underfull \hbox (badness 1014) in paragraph at lines 61--62
[]\T1/LinuxLibertineT-TLF/m/n/10 Die Release-Konfiguration sieht kei-ne Kamera-, Foto-, Mikrofon-, Standort-, HealthKit-, CloudKit-,
 []

) (./revision/kapitel5_ios_network_persistence_recovery.tex [62]
Overfull \hbox (116.7571pt too wide) detected at line 24
[] \OMS/cmsy/m/n/10 ! [] ! [] ! [] ! [] ! []\OML/cmm/m/it/10 :
 []

[63]
Underfull \hbox (badness 2735) in paragraph at lines 64--65
[]\T1/LinuxLibertineT-TLF/m/n/10 Erst nach ei-ner zum er-war-te-ten In-dex pas-sen-den Ser-ver-ant-wort wird ein neu-er Zu-stand oh-ne
 []


Underfull \hbox (badness 10000) in paragraph at lines 75--76
[]|\T1/LinuxLibertineT-TLF/m/n/10.95 Zähler er-höht,
 []


Underfull \hbox (badness 10000) in paragraph at lines 75--76
\T1/LinuxLibertineT-TLF/m/n/10.95 Pen-ding ge-löscht,
 []


Underfull \hbox (badness 10000) in paragraph at lines 76--76
[]|\T1/LinuxLibertineT-TLF/m/n/10.95 Netzwerk-
 []


Underfull \hbox (badness 10000) in paragraph at lines 77--77
[]|\T1/LinuxLibertineT-TLF/m/n/10.95 UUID-v4-Code als
 []


Overfull \hbox (30.08424pt too wide) in paragraph at lines 77--77
\T1/fvm/m/n/10.95 directPendingConfirmation| 
 []


Underfull \hbox (badness 10000) in paragraph at lines 77--77
[]|\T1/LinuxLibertineT-TLF/m/n/10.95 Codebestätigung
 []


Underfull \hbox (badness 10000) in paragraph at lines 77--78
[]|\T1/fvm/m/n/10.95 directCompleted\T1/LinuxLibertineT-TLF/m/n/10.95 ,
 []


Underfull \hbox (badness 10000) in paragraph at lines 78--78
[]|\T1/LinuxLibertineT-TLF/m/n/10.95 Direkte Be-stä-ti-gung
 []


Underfull \hbox (badness 10000) in paragraph at lines 78--79
[]|\T1/LinuxLibertineT-TLF/m/n/10.95 nur Be-stä-ti-gung
 []


Underfull \hbox (badness 10000) in paragraph at lines 79--79
[]|\T1/LinuxLibertineT-TLF/m/n/10.95 gültiger Prolific-
 []


Overfull \hbox (10.06384pt too wide) in paragraph at lines 79--80
[]|\T1/fvm/m/n/10.95 prolificCompleted\T1/LinuxLibertineT-TLF/m/n/10.95 ,
 []

[64] [65]) (./revision/kapitel5_ios_notifications_background_refresh.tex [66]
Underfull \hbox (badness 10000) in paragraph at lines 39--40
[]\T1/LinuxLibertineT-TLF/m/n/10 Für je-de Stu-dien-si-tua-ti-on wird ein de-ter-mi-nis-ti-scher Be-zeich-ner der Form
 []


Underfull \hbox (badness 10000) in paragraph at lines 47--48
\T1/LinuxLibertineT-TLF/m/n/10 Neben Stu-die-nerin-ne-run-gen un-ter-stützt die App einen ge-ne-ri-schen Hin-weis auf neue Ein-
 []


Underfull \hbox (badness 10000) in paragraph at lines 47--48
\T1/LinuxLibertineT-TLF/m/n/10 trä-ge im In-for-ma-ti-ons-feed. Hier-für wird \T1/fvm/m/n/10 BGAppRefreshTask \T1/LinuxLibertineT-TLF/m/n/10 als best-effort Hin-ter-grund-
 []


Underfull \hbox (badness 10000) in paragraph at lines 47--48
\T1/LinuxLibertineT-TLF/m/n/10 me-cha-nis-mus ver-wen-det. Der \T1/fvm/m/n/10 BackgroundRefreshCoordinator \T1/LinuxLibertineT-TLF/m/n/10 re-gis-triert den Be-zeich-ner
 []


Underfull \hbox (badness 3407) in paragraph at lines 47--48
\T1/fvm/m/n/10 de.eachandevery.cuelens.infofeed.refresh\T1/LinuxLibertineT-TLF/m/n/10 . Wenn die Be-nach-rich-ti-gungs-funk-ti-on ef-fek-tiv ak-
 []


Underfull \hbox (badness 10000) in paragraph at lines 49--50
[]\T1/LinuxLibertineT-TLF/m/n/10 Der Hin-ter-grund-task führt aus-schlieÿ-lich einen In-for-ma-ti-ons-a-b-ruf aus. Der
 []


Underfull \hbox (badness 3746) in paragraph at lines 68--68
[]|\T1/LinuxLibertineT-TLF/b/n/10.95 Inhalt und Da-ten-
 []


Underfull \hbox (badness 2547) in paragraph at lines 70--70
\T1/LinuxLibertineT-TLF/m/n/10.95 schritt und Frei-schalt-
 []


Underfull \hbox (badness 1910) in paragraph at lines 70--70
[]|\T1/LinuxLibertineT-TLF/m/n/10.95 generischer Hin-weis;
 []


Underfull \hbox (badness 10000) in paragraph at lines 70--70
\T1/LinuxLibertineT-TLF/m/n/10.95 kein Cra-ving, kein
 []


Underfull \hbox (badness 10000) in paragraph at lines 70--71
[]|\T1/LinuxLibertineT-TLF/m/n/10.95 Startseite; Start-
 []


Overfull \hbox (7.64117pt too wide) in paragraph at lines 71--71
[]|\T1/LinuxLibertineT-TLF/m/n/10.95 Informationshinweis| 
 []


Underfull \hbox (badness 10000) in paragraph at lines 71--71
[]|\T1/LinuxLibertineT-TLF/m/n/10.95 Background-Feed ent-
 []


Underfull \hbox (badness 10000) in paragraph at lines 71--71
\T1/LinuxLibertineT-TLF/m/n/10.95 hält min-des-tens ei-ne
 []


Underfull \hbox (badness 10000) in paragraph at lines 71--71
\T1/LinuxLibertineT-TLF/m/n/10.95 bis-her un-be-kann-te,
 []


Underfull \hbox (badness 1910) in paragraph at lines 71--71
[]|\T1/LinuxLibertineT-TLF/m/n/10.95 generischer Hin-weis;
 []


Underfull \hbox (badness 10000) in paragraph at lines 71--72
[]|\T1/LinuxLibertineT-TLF/m/n/10.95 Informationsfeed
 []

[67]
Underfull \hbox (badness 3907) in paragraph at lines 89--90
[]\T1/LinuxLibertineT-TLF/m/n/10 Auch zwei im-ple-men-tie-rungs-spe-zi-fi-sche Gren-zen sind zu be-rück-sich-ti-gen. Ers-tens mar-kiert der
 []

[68]) (./revision/kapitel5_ios_completion_modes.tex
Underfull \hbox (badness 10000) in paragraph at lines 35--36
\T1/LinuxLibertineT-TLF/m/n/10 Das lo-ka-le \T1/fvm/m/n/10 CompletionState\T1/LinuxLibertineT-TLF/m/n/10 -Modell un-ter-schei-det \T1/fvm/m/n/10 incomplete\T1/LinuxLibertineT-TLF/m/n/10 , \T1/fvm/m/n/10 invalid\T1/LinuxLibertineT-TLF/m/n/10 ,
 []


Underfull \hbox (badness 10000) in paragraph at lines 35--36
\T1/fvm/m/n/10 directPendingConfirmation(code)\T1/LinuxLibertineT-TLF/m/n/10 , \T1/fvm/m/n/10 directCompleted(code) \T1/LinuxLibertineT-TLF/m/n/10 und \T1/fvm/m/n/10 prolificCompleted\T1/LinuxLibertineT-TLF/m/n/10 . Nur
 []


Underfull \hbox (badness 1314) in paragraph at lines 35--36
\T1/fvm/m/n/10 directCompleted \T1/LinuxLibertineT-TLF/m/n/10 und \T1/fvm/m/n/10 prolificCompleted \T1/LinuxLibertineT-TLF/m/n/10 er-fül-len die Ei-gen-schaft \T1/fvm/m/n/10 isCompleted\T1/LinuxLibertineT-TLF/m/n/10 . Für die bei-den
 []


Underfull \hbox (badness 1371) in paragraph at lines 35--36
\T1/LinuxLibertineT-TLF/m/n/10 di-rek-ten Zu-stän-de ist der Kom-pen-sa-ti-ons-co-de Be-stand-teil des per-sis-tier-ten Zu-stands; ein Prolific-
 []


Underfull \hbox (badness 1331) in paragraph at lines 35--36
\T1/LinuxLibertineT-TLF/m/n/10 Abschluss darf dem-ge-gen-über kei-nen Co-de ent-hal-ten. Auch die Codable-Dekodierung prüft die-se
 []


Underfull \hbox (badness 1661) in paragraph at lines 35--36
\T1/LinuxLibertineT-TLF/m/n/10 Feld-men-gen strikt, so-dass bei-spiels-wei-se ein lo-kal ge-spei-cher-ter \T1/fvm/m/n/10 prolificCompleted\T1/LinuxLibertineT-TLF/m/n/10 -Zustand mit
 []

[69]
Underfull \hbox (badness 10000) in paragraph at lines 59--59
[]|\T1/fvm/m/n/10.95 status=complete
 []


Underfull \hbox (badness 10000) in paragraph at lines 59--59
\T1/LinuxLibertineT-TLF/m/n/10.95 und UUID-v4-
 []


Underfull \hbox (badness 10000) in paragraph at lines 59--60
[]|\T1/fvm/m/n/10.95 status=complete\T1/LinuxLibertineT-TLF/m/n/10.95 ,
 []


Overfull \hbox (39.71451pt too wide) in paragraph at lines 59--60
\T1/fvm/m/n/10.95 completion_mode=PROLIFIC_MANUAL\T1/LinuxLibertineT-TLF/m/n/10.95 ,
 []


Overfull \hbox (37.30551pt too wide) in paragraph at lines 60--60
[]|\T1/fvm/m/n/10.95 directPendingConfirmation(code)| 
 []


Underfull \hbox (badness 3735) in paragraph at lines 61--61
[]|\T1/LinuxLibertineT-TLF/m/n/10.95 Bestätigung des Co-des, er-
 []


Underfull \hbox (badness 5475) in paragraph at lines 62--62
[]|\T1/LinuxLibertineT-TLF/m/n/10.95 Persistierter End-zu-
 []


Underfull \hbox (badness 10000) in paragraph at lines 63--64
[]|\T1/LinuxLibertineT-TLF/m/n/10.95 Abschlussmeldung oh-ne
 []


Underfull \hbox (badness 10000) in paragraph at lines 64--64
[]|\T1/LinuxLibertineT-TLF/m/n/10.95 Prolific-
 []


Underfull \hbox (badness 10000) in paragraph at lines 70--71
\T1/LinuxLibertineT-TLF/m/n/10 Beim di-rek-ten Ab-schluss wird der vom Ba-ckend er-hal-te-ne UUID-v4-Code zu-nächst als
 []


Underfull \hbox (badness 1412) in paragraph at lines 70--71
\T1/fvm/m/n/10 directPendingConfirmation \T1/LinuxLibertineT-TLF/m/n/10 in den ge-schütz-ten Stu-di-en-zu-stand ge-schrie-ben. Erst da-nach sen-det
 []


Underfull \hbox (badness 10000) in paragraph at lines 72--73
[]\T1/LinuxLibertineT-TLF/m/n/10 Scheitert die Be-stä-ti-gung durch Netzwerk- oder Ser-ver-feh-ler, ver-bleibt der Zu-stand in
 []


Underfull \hbox (badness 2073) in paragraph at lines 72--73
\T1/fvm/m/n/10 directPendingConfirmation\T1/LinuxLibertineT-TLF/m/n/10 . Ein spä-te-rer Recovery-Versuch sen-det dann aus-schlieÿ-lich die Co-
 []

[70]
Underfull \hbox (badness 2932) in paragraph at lines 82--83
[]\T1/LinuxLibertineT-TLF/m/n/10 Diese Ar-chi-tek-tur ver-mei-det ins-be-son-de-re, dass Prolific-Teilnehmende zu-sätz-lich einen CueLens-
 []

) (./revision/kapitel5_ios_quality_assurance.tex [71]
Underfull \hbox (badness 10000) in paragraph at lines 6--6
[]\T1/LinuxLibertineT-TLF/b/n/14.4 Umfangreiche Qua-li-täts-si-che-rung der iOS-/iPadOS-
 []


Underfull \hbox (badness 10000) in paragraph at lines 34--34
[]|\T1/LinuxLibertineT-TLF/b/n/10.95 Technischer Schwer-
 []


Underfull \hbox (badness 10000) in paragraph at lines 34--35
[]|\T1/LinuxLibertineT-TLF/b/n/10.95 Wesentliche
 []


Underfull \hbox (badness 10000) in paragraph at lines 36--36
\T1/LinuxLibertineT-TLF/m/n/10.95 Härtung, Kon-fi-gu-ra-ti-on,
 []


Underfull \hbox (badness 1173) in paragraph at lines 36--36
\T1/LinuxLibertineT-TLF/m/n/10.95 ri-fi-ka-ti-ons-s-krip-te im Re-
 []


Underfull \hbox (badness 10000) in paragraph at lines 36--37
[]|\T1/LinuxLibertineT-TLF/m/n/10.95 keine rea-le
 []


Underfull \hbox (badness 10000) in paragraph at lines 36--37
\T1/LinuxLibertineT-TLF/m/n/10.95 Laufzeit- oder
 []


Underfull \hbox (badness 10000) in paragraph at lines 37--37
[]|\T1/LinuxLibertineT-TLF/m/n/10.95 Unit-
 []


Underfull \hbox (badness 10000) in paragraph at lines 37--37
\T1/LinuxLibertineT-TLF/m/n/10.95 /Infrastructure-
 []


Underfull \hbox (badness 10000) in paragraph at lines 37--37
[]|\T1/LinuxLibertineT-TLF/m/n/10.95 Domainregeln, Par-ser,
 []


Underfull \hbox (badness 10000) in paragraph at lines 37--37
\T1/LinuxLibertineT-TLF/m/n/10.95 Sto-res, Netz-werk-feh-ler,
 []


Underfull \hbox (badness 10000) in paragraph at lines 37--37
\T1/LinuxLibertineT-TLF/m/n/10.95 Re-co-ve-ry, Ne-ben-läu-fig-
 []


Underfull \hbox (badness 10000) in paragraph at lines 37--38
[]|\T1/LinuxLibertineT-TLF/m/n/10.95 keine pro-duk-
 []


Underfull \hbox (badness 10000) in paragraph at lines 37--38
\T1/LinuxLibertineT-TLF/m/n/10.95 ti-ve Server-
 []


Underfull \hbox (badness 10000) in paragraph at lines 38--38
[]|\T1/LinuxLibertineT-TLF/m/n/10.95 Navigation, For-mu-la-re,
 []


Underfull \hbox (badness 10000) in paragraph at lines 38--38
\T1/LinuxLibertineT-TLF/m/n/10.95 Stu-di-ena-b-lauf, Re-try,
 []


Underfull \hbox (badness 10000) in paragraph at lines 38--39
[]|\T1/LinuxLibertineT-TLF/m/n/10.95 synthetische
 []


Underfull \hbox (badness 10000) in paragraph at lines 38--39
\T1/LinuxLibertineT-TLF/m/n/10.95 Debug-
 []


Underfull \hbox (badness 10000) in paragraph at lines 39--39
[]|\T1/LinuxLibertineT-TLF/m/n/10.95 Dynamic Ty-pe, Kon-
 []


Underfull \hbox (badness 10000) in paragraph at lines 39--39
[]|\T1/LinuxLibertineT-TLF/m/n/10.95 maximale Accessibility-
 []


Underfull \hbox (badness 10000) in paragraph at lines 39--40
[]|\T1/LinuxLibertineT-TLF/m/n/10.95 vollständiger
 []


Underfull \hbox (badness 10000) in paragraph at lines 39--40
\T1/LinuxLibertineT-TLF/m/n/10.95 VoiceOver-
 []


Underfull \hbox (badness 10000) in paragraph at lines 39--40
\T1/LinuxLibertineT-TLF/m/n/10.95 Rundgang
 []


Underfull \hbox (badness 1264) in paragraph at lines 40--40
\T1/LinuxLibertineT-TLF/m/n/10.95 kon-fi-gu-ra-ti-on, Compiler-
 []


Underfull \hbox (badness 1735) in paragraph at lines 40--40
\T1/LinuxLibertineT-TLF/m/n/10.95 Re-lea-se Ana-ly-ze be-stan-
 []


Underfull \hbox (badness 10000) in paragraph at lines 40--41
[]|\T1/LinuxLibertineT-TLF/m/n/10.95 keine
 []


Underfull \hbox (badness 10000) in paragraph at lines 40--41
\T1/LinuxLibertineT-TLF/m/n/10.95 Distribution-
 []


Underfull \hbox (badness 1033) in paragraph at lines 41--41
[]|\T1/LinuxLibertineT-TLF/m/n/10.95 Gerät, Test-F-light, No-ti-fi-
 []


Underfull \hbox (badness 10000) in paragraph at lines 41--42
[]|\T1/LinuxLibertineT-TLF/m/n/10.95 zum do-ku-men-
 []


Underfull \hbox (badness 10000) in paragraph at lines 41--42
\T1/LinuxLibertineT-TLF/m/n/10.95 tier-ten Stand
 []


Overfull \hbox (5.31822pt too wide) in paragraph at lines 33--43
 [][] 
 []

[72] [73]
Underfull \vbox (badness 2310) has occurred while \output is active []

 [74]
Underfull \hbox (badness 1917) in paragraph at lines 83--84
[]\T1/LinuxLibertineT-TLF/m/n/10 Zu die-sen of-fe-nen Ga-tes ge-hö-ren ins-be-son-de-re rea-le Tests von Ge-rä-te-sper-re und App-Switcher-
 []


Underfull \hbox (badness 1694) in paragraph at lines 83--84
\T1/LinuxLibertineT-TLF/m/n/10 Sichtschutz, Notification-Systemverhalten, ein voll-stän-di-ger VoiceOver-Rundgang, ein Distribution-
 []

) (./kapitel6/ch6.tex [75] [76

]
Kapitel 6.
[77]
LaTeX Font Info:    Font shape `T1/LinuxLibertineT-TLF/m/n' will be
(Font)              scaled to size 9.0pt on input line 36.
 [78]
Underfull \vbox (badness 10000) has occurred while \output is active []

 [79]) (./revision/kapitel6_update.tex [80] [81]) (./revision/kapitel6_dual_registration.tex) (./revision/kapitel6_prolific_api.tex [82]
Underfull \hbox (badness 10000) in paragraph at lines 10--11
[]\T1/LinuxLibertineT-TLF/m/n/10 Die Im-ple-men-tie-rung ak-zep-tiert die Prolific-Statuswerte \T1/fvm/m/n/10 ACTIVE\T1/LinuxLibertineT-TLF/m/n/10 , \T1/fvm/m/n/10 AWAITING_REVIEW\T1/LinuxLibertineT-TLF/m/n/10 , \T1/fvm/m/n/10 APPROVED\T1/LinuxLibertineT-TLF/m/n/10 ,
 []

) (./revision/kapitel6_completion_modes.tex
Underfull \hbox (badness 3884) in paragraph at lines 14--4
[]\T1/LinuxLibertineT-TLF/m/n/10 Diese Ab-hän-gig-keit ist für die Be-wer-tung des Re-kru-tie-rungs-pro-zes-ses re-le-vant. Wenn Prolific-
 []

[83]) (./revision/kapitel6_ios_native.tex) (./revision/kapitel6_platform_independent_spec.tex [84]) (./kapitel7/ch7.tex [85] [86

]
Kapitel 7.
[87] [88] [89] [90] [91] [92] [93]) (./kapitel8/ch8.tex [94]
Kapitel 8.
[95

] [96] [97] [98]) (./anhang/anhang.tex [99] [100

] [101] [102

]
Anhang A.

Overfull \hbox (1.3372pt too wide) in paragraph at lines 13--13
[]|\T1/LinuxLibertineT-TLF/m/n/10 Subject|  
 []


Overfull \hbox (1.3372pt too wide) in paragraph at lines 37--37
[]|\T1/LinuxLibertineT-TLF/m/n/10 Subject|  
 []

[103]) (./anhang/adressen.tex [104

]
Anhang B.

Overfull \hbox (19.45595pt too wide) in paragraph at lines 357--357
[]|\T1/LinuxLibertineT-TLF/m/n/10 suchtberatung.prenzlau@krankenhaus- 
 []


Overfull \hbox (19.79591pt too wide) in paragraph at lines 357--357
[]|\T1/LinuxLibertineT-TLF/m/n/10 Suchtberatung.Kaiserslautern@Caritas- 
 []


Overfull \hbox (25.80591pt too wide) in paragraph at lines 357--357
[]|\T1/LinuxLibertineT-TLF/m/n/10 Suchtberatung.Kaiserslautern@diakonie- 
 []


Overfull \hbox (21.63591pt too wide) in paragraph at lines 357--357
[]|\T1/LinuxLibertineT-TLF/m/n/10 kurfuerstendamm@oberbergkliniken.de|  
 []


Overfull \hbox (15.78587pt too wide) in paragraph at lines 357--357
[]|\T1/LinuxLibertineT-TLF/m/n/10 suchtberatungteterow@sozialwerk.net|  
 []


Overfull \hbox (28.28593pt too wide) in paragraph at lines 357--357
[]|\T1/LinuxLibertineT-TLF/m/n/10 katrin.johanna.kuegler@gelsenkirchen.de|  
 []


Overfull \hbox (28.28593pt too wide) in paragraph at lines 357--357
[]|\T1/LinuxLibertineT-TLF/m/n/10 katrin.johanna.kuegler@gelsenkirchen.de|  
 []


Overfull \hbox (0.54596pt too wide) in paragraph at lines 357--357
[]|\T1/LinuxLibertineT-TLF/m/n/10 suchtberatung@diakoniewerk.com|  
 []


Overfull \hbox (5.2959pt too wide) in paragraph at lines 357--357
\T1/LinuxLibertineT-TLF/m/n/10 boeckmannstrasse@therapiehilfe.de|  
 []


Overfull \hbox (7.50595pt too wide) in paragraph at lines 357--357
[]|\T1/LinuxLibertineT-TLF/m/n/10 suchtberatung.pinneberg@diakonie- 
 []


Overfull \hbox (8.22597pt too wide) in paragraph at lines 357--357
[]|\T1/LinuxLibertineT-TLF/m/n/10 beratung@suchtberatungszentrum2- 
 []


Overfull \hbox (15.856pt too wide) in paragraph at lines 357--357
[]|\T1/LinuxLibertineT-TLF/m/n/10 suchtfachambulanz.augsburg@caritas- 
 []


Overfull \hbox (15.72592pt too wide) in paragraph at lines 357--357
[]|\T1/LinuxLibertineT-TLF/m/n/10 verbundwohnen@frausuchtzukunft.de|  
 []


Overfull \hbox (0.90598pt too wide) in paragraph at lines 357--357
[]|\T1/LinuxLibertineT-TLF/m/n/10 violettaclean@frausuchtzukunft.de|  
 []

[105] [106] [107] [108] [109] [110] [111] [112] [113] [114] [115] [116] [117] [118]
Overfull \hbox (11.36598pt too wide) in paragraph at lines 519--519
[]|\T1/LinuxLibertineT-TLF/m/n/10 suchtberatung.andelfingen@ajb.zh.ch|  
 []


Overfull \hbox (5.11598pt too wide) in paragraph at lines 519--519
[]|\T1/LinuxLibertineT-TLF/m/n/10 kontakt@selbsthilfegraubuenden.ch|  
 []


Overfull \hbox (4.75595pt too wide) in paragraph at lines 519--519
[]|\T1/LinuxLibertineT-TLF/m/n/10 suchtfachstelle.rorschach@stiftung- 
 []


Overfull \hbox (4.75595pt too wide) in paragraph at lines 519--519
[]|\T1/LinuxLibertineT-TLF/m/n/10 suchtfachstelle.rorschach@stiftung- 
 []


Overfull \hbox (9.10596pt too wide) in paragraph at lines 519--519
[]|\T1/LinuxLibertineT-TLF/m/n/10 rauchstoppberatung.bss@spital.so.ch|  
 []

[119] [120] [121] [122] [123] [124] [125]) (./anhang/flyer.tex

pdfTeX warning: pdflatex (file ./anhang/flyer.pdf): PDF inclusion: found PDF version <1.7>, but at most version <1.5> allowed
<anhang/flyer.pdf, id=1439, 845.0471pt x 597.50829pt>
File: anhang/flyer.pdf Graphic file (type pdf)
<use anhang/flyer.pdf>
Package pdftex.def Info: anhang/flyer.pdf  used on input line 10.
(pdftex.def)             Requested size: 845.04504pt x 597.50682pt.


pdfTeX warning: pdflatex (file ./anhang/flyer.pdf): PDF inclusion: found PDF version <1.7>, but at most version <1.5> allowed
File: anhang/flyer.pdf Graphic file (type pdf)
<use anhang/flyer.pdf>
Package pdftex.def Info: anhang/flyer.pdf  used on input line 10.
(pdftex.def)             Requested size: 845.04504pt x 597.50682pt.


pdfTeX warning: pdflatex (file ./anhang/flyer.pdf): PDF inclusion: found PDF version <1.7>, but at most version <1.5> allowed


pdfTeX warning: pdflatex (file ./anhang/flyer.pdf): PDF inclusion: found PDF version <1.7>, but at most version <1.5> allowed
<anhang/flyer.pdf, id=1442, page=1, 845.0471pt x 597.50829pt>
File: anhang/flyer.pdf Graphic file (type pdf)
<use anhang/flyer.pdf, page 1>
Package pdftex.def Info: anhang/flyer.pdf , page1 used on input line 10.
(pdftex.def)             Requested size: 845.04504pt x 597.50682pt.
File: anhang/flyer.pdf Graphic file (type pdf)
<use anhang/flyer.pdf, page 1>
Package pdftex.def Info: anhang/flyer.pdf , page1 used on input line 10.
(pdftex.def)             Requested size: 845.04504pt x 597.50682pt.
[126]
File: anhang/flyer.pdf Graphic file (type pdf)
<use anhang/flyer.pdf, page 1>
Package pdftex.def Info: anhang/flyer.pdf , page1 used on input line 10.
(pdftex.def)             Requested size: 845.04504pt x 597.50682pt.
File: anhang/flyer.pdf Graphic file (type pdf)
<use anhang/flyer.pdf, page 1>
Package pdftex.def Info: anhang/flyer.pdf , page1 used on input line 10.
(pdftex.def)             Requested size: 845.04504pt x 597.50682pt.
File: anhang/flyer.pdf Graphic file (type pdf)
<use anhang/flyer.pdf, page 1>
Package pdftex.def Info: anhang/flyer.pdf , page1 used on input line 10.
(pdftex.def)             Requested size: 845.04504pt x 597.50682pt.
 [127 <./anhang/flyer.pdf>]

pdfTeX warning: pdflatex (file ./anhang/flyer.pdf): PDF inclusion: found PDF version <1.7>, but at most version <1.5> allowed
<anhang/flyer.pdf, id=1532, page=2, 845.0471pt x 597.50829pt>
File: anhang/flyer.pdf Graphic file (type pdf)
<use anhang/flyer.pdf, page 2>
Package pdftex.def Info: anhang/flyer.pdf , page2 used on input line 10.
(pdftex.def)             Requested size: 845.04504pt x 597.50682pt.
File: anhang/flyer.pdf Graphic file (type pdf)
<use anhang/flyer.pdf, page 2>
Package pdftex.def Info: anhang/flyer.pdf , page2 used on input line 10.
(pdftex.def)             Requested size: 845.04504pt x 597.50682pt.
File: anhang/flyer.pdf Graphic file (type pdf)
<use anhang/flyer.pdf, page 2>
Package pdftex.def Info: anhang/flyer.pdf , page2 used on input line 10.
(pdftex.def)             Requested size: 845.04504pt x 597.50682pt.
[128 <./anhang/flyer.pdf>]) (./anhang/studieninformation.tex

pdfTeX warning: pdflatex (file ./anhang/studieninformation.pdf): PDF inclusion: found PDF version <1.7>, but at most version <1.5> allowed
<anhang/studieninformation.pdf, id=1572, 597.50829pt x 845.0471pt>
File: anhang/studieninformation.pdf Graphic file (type pdf)
<use anhang/studieninformation.pdf>
Package pdftex.def Info: anhang/studieninformation.pdf  used on input line 9.
(pdftex.def)             Requested size: 597.50682pt x 845.04504pt.


pdfTeX warning: pdflatex (file ./anhang/studieninformation.pdf): PDF inclusion: found PDF version <1.7>, but at most version <1.5> allowed
File: anhang/studieninformation.pdf Graphic file (type pdf)
<use anhang/studieninformation.pdf>
Package pdftex.def Info: anhang/studieninformation.pdf  used on input line 9.
(pdftex.def)             Requested size: 597.50682pt x 845.04504pt.


pdfTeX warning: pdflatex (file ./anhang/studieninformation.pdf): PDF inclusion: found PDF version <1.7>, but at most version <1.5> allowed


pdfTeX warning: pdflatex (file ./anhang/studieninformation.pdf): PDF inclusion: found PDF version <1.7>, but at most version <1.5> allowed
<anhang/studieninformation.pdf, id=1575, page=1, 597.50829pt x 845.0471pt>
File: anhang/studieninformation.pdf Graphic file (type pdf)
<use anhang/studieninformation.pdf, page 1>
Package pdftex.def Info: anhang/studieninformation.pdf , page1 used on input line 9.
(pdftex.def)             Requested size: 597.50682pt x 845.04504pt.
File: anhang/studieninformation.pdf Graphic file (type pdf)
<use anhang/studieninformation.pdf, page 1>
Package pdftex.def Info: anhang/studieninformation.pdf , page1 used on input line 9.
(pdftex.def)             Requested size: 597.53416pt x 845.08372pt.
File: anhang/studieninformation.pdf Graphic file (type pdf)
<use anhang/studieninformation.pdf, page 1>
Package pdftex.def Info: anhang/studieninformation.pdf , page1 used on input line 9.
(pdftex.def)             Requested size: 597.53416pt x 845.08372pt.
File: anhang/studieninformation.pdf Graphic file (type pdf)
<use anhang/studieninformation.pdf, page 1>
Package pdftex.def Info: anhang/studieninformation.pdf , page1 used on input line 9.
(pdftex.def)             Requested size: 597.53416pt x 845.08372pt.
File: anhang/studieninformation.pdf Graphic file (type pdf)
<use anhang/studieninformation.pdf, page 1>
Package pdftex.def Info: anhang/studieninformation.pdf , page1 used on input line 9.
(pdftex.def)             Requested size: 597.53416pt x 845.08372pt.
[129 <./anhang/studieninformation.pdf>]

pdfTeX warning: pdflatex (file ./anhang/studieninformation.pdf): PDF inclusion: found PDF version <1.7>, but at most version <1.5> allowed
<anhang/studieninformation.pdf, id=1601, page=2, 597.50829pt x 845.0471pt>
File: anhang/studieninformation.pdf Graphic file (type pdf)
<use anhang/studieninformation.pdf, page 2>
Package pdftex.def Info: anhang/studieninformation.pdf , page2 used on input line 9.
(pdftex.def)             Requested size: 597.53416pt x 845.08372pt.
File: anhang/studieninformation.pdf Graphic file (type pdf)
<use anhang/studieninformation.pdf, page 2>
Package pdftex.def Info: anhang/studieninformation.pdf , page2 used on input line 9.
(pdftex.def)             Requested size: 597.53416pt x 845.08372pt.
File: anhang/studieninformation.pdf Graphic file (type pdf)
<use anhang/studieninformation.pdf, page 2>
Package pdftex.def Info: anhang/studieninformation.pdf , page2 used on input line 9.
(pdftex.def)             Requested size: 597.53416pt x 845.08372pt.
[130 <./anhang/studieninformation.pdf>]

pdfTeX warning: pdflatex (file ./anhang/studieninformation.pdf): PDF inclusion: found PDF version <1.7>, but at most version <1.5> allowed
<anhang/studieninformation.pdf, id=1606, page=3, 597.50829pt x 845.0471pt>
File: anhang/studieninformation.pdf Graphic file (type pdf)
<use anhang/studieninformation.pdf, page 3>
Package pdftex.def Info: anhang/studieninformation.pdf , page3 used on input line 9.
(pdftex.def)             Requested size: 597.53416pt x 845.08372pt.
File: anhang/studieninformation.pdf Graphic file (type pdf)
<use anhang/studieninformation.pdf, page 3>
Package pdftex.def Info: anhang/studieninformation.pdf , page3 used on input line 9.
(pdftex.def)             Requested size: 597.53416pt x 845.08372pt.
File: anhang/studieninformation.pdf Graphic file (type pdf)
<use anhang/studieninformation.pdf, page 3>
Package pdftex.def Info: anhang/studieninformation.pdf , page3 used on input line 9.
(pdftex.def)             Requested size: 597.53416pt x 845.08372pt.
[131 <./anhang/studieninformation.pdf>]) (./anhang/datenschutzerklaerung.tex

pdfTeX warning: pdflatex (file ./anhang/datenschutzerklaerung.pdf): PDF inclusion: found PDF version <1.7>, but at most version <1.5> allowed
<anhang/datenschutzerklaerung.pdf, id=1611, 597.50829pt x 845.0471pt>
File: anhang/datenschutzerklaerung.pdf Graphic file (type pdf)
<use anhang/datenschutzerklaerung.pdf>
Package pdftex.def Info: anhang/datenschutzerklaerung.pdf  used on input line 9.
(pdftex.def)             Requested size: 597.50682pt x 845.04504pt.


pdfTeX warning: pdflatex (file ./anhang/datenschutzerklaerung.pdf): PDF inclusion: found PDF version <1.7>, but at most version <1.5> allowed
File: anhang/datenschutzerklaerung.pdf Graphic file (type pdf)
<use anhang/datenschutzerklaerung.pdf>
Package pdftex.def Info: anhang/datenschutzerklaerung.pdf  used on input line 9.
(pdftex.def)             Requested size: 597.50682pt x 845.04504pt.


pdfTeX warning: pdflatex (file ./anhang/datenschutzerklaerung.pdf): PDF inclusion: found PDF version <1.7>, but at most version <1.5> allowed


pdfTeX warning: pdflatex (file ./anhang/datenschutzerklaerung.pdf): PDF inclusion: found PDF version <1.7>, but at most version <1.5> allowed
<anhang/datenschutzerklaerung.pdf, id=1614, page=1, 597.50829pt x 845.0471pt>
File: anhang/datenschutzerklaerung.pdf Graphic file (type pdf)
<use anhang/datenschutzerklaerung.pdf, page 1>
Package pdftex.def Info: anhang/datenschutzerklaerung.pdf , page1 used on input line 9.
(pdftex.def)             Requested size: 597.50682pt x 845.04504pt.
File: anhang/datenschutzerklaerung.pdf Graphic file (type pdf)
<use anhang/datenschutzerklaerung.pdf, page 1>
Package pdftex.def Info: anhang/datenschutzerklaerung.pdf , page1 used on input line 9.
(pdftex.def)             Requested size: 597.53416pt x 845.08372pt.
File: anhang/datenschutzerklaerung.pdf Graphic file (type pdf)
<use anhang/datenschutzerklaerung.pdf, page 1>
Package pdftex.def Info: anhang/datenschutzerklaerung.pdf , page1 used on input line 9.
(pdftex.def)             Requested size: 597.53416pt x 845.08372pt.
File: anhang/datenschutzerklaerung.pdf Graphic file (type pdf)
<use anhang/datenschutzerklaerung.pdf, page 1>
Package pdftex.def Info: anhang/datenschutzerklaerung.pdf , page1 used on input line 9.
(pdftex.def)             Requested size: 597.53416pt x 845.08372pt.
File: anhang/datenschutzerklaerung.pdf Graphic file (type pdf)
<use anhang/datenschutzerklaerung.pdf, page 1>
Package pdftex.def Info: anhang/datenschutzerklaerung.pdf , page1 used on input line 9.
(pdftex.def)             Requested size: 597.53416pt x 845.08372pt.
[132 <./anhang/datenschutzerklaerung.pdf>]

pdfTeX warning: pdflatex (file ./anhang/datenschutzerklaerung.pdf): PDF inclusion: found PDF version <1.7>, but at most version <1.5> allowed
<anhang/datenschutzerklaerung.pdf, id=1641, page=2, 597.50829pt x 845.0471pt>
File: anhang/datenschutzerklaerung.pdf Graphic file (type pdf)
<use anhang/datenschutzerklaerung.pdf, page 2>
Package pdftex.def Info: anhang/datenschutzerklaerung.pdf , page2 used on input line 9.
(pdftex.def)             Requested size: 597.53416pt x 845.08372pt.
File: anhang/datenschutzerklaerung.pdf Graphic file (type pdf)
<use anhang/datenschutzerklaerung.pdf, page 2>
Package pdftex.def Info: anhang/datenschutzerklaerung.pdf , page2 used on input line 9.
(pdftex.def)             Requested size: 597.53416pt x 845.08372pt.
File: anhang/datenschutzerklaerung.pdf Graphic file (type pdf)
<use anhang/datenschutzerklaerung.pdf, page 2>
Package pdftex.def Info: anhang/datenschutzerklaerung.pdf , page2 used on input line 9.
(pdftex.def)             Requested size: 597.53416pt x 845.08372pt.
[133 <./anhang/datenschutzerklaerung.pdf>]

pdfTeX warning: pdflatex (file ./anhang/datenschutzerklaerung.pdf): PDF inclusion: found PDF version <1.7>, but at most version <1.5> allowed
<anhang/datenschutzerklaerung.pdf, id=1647, page=3, 597.50829pt x 845.0471pt>
File: anhang/datenschutzerklaerung.pdf Graphic file (type pdf)
<use anhang/datenschutzerklaerung.pdf, page 3>
Package pdftex.def Info: anhang/datenschutzerklaerung.pdf , page3 used on input line 9.
(pdftex.def)             Requested size: 597.53416pt x 845.08372pt.
File: anhang/datenschutzerklaerung.pdf Graphic file (type pdf)
<use anhang/datenschutzerklaerung.pdf, page 3>
Package pdftex.def Info: anhang/datenschutzerklaerung.pdf , page3 used on input line 9.
(pdftex.def)             Requested size: 597.53416pt x 845.08372pt.
File: anhang/datenschutzerklaerung.pdf Graphic file (type pdf)
<use anhang/datenschutzerklaerung.pdf, page 3>
Package pdftex.def Info: anhang/datenschutzerklaerung.pdf , page3 used on input line 9.
(pdftex.def)             Requested size: 597.53416pt x 845.08372pt.
[134 <./anhang/datenschutzerklaerung.pdf>])
LaTeX Font Info:    Font shape `T1/LinuxLibertineT-TLF/m/sc' will be
(Font)              scaled to size 10.95pt on input line 149.
 [135


] [136] [137] (./main.aux)
Package rerunfilecheck Info: File `main.out' has not changed.
(rerunfilecheck)             Checksum: 0215FEB7AB5905203A9DD5118BD0BE0B;35740.
Package logreq Info: Writing requests to 'main.run.xml'.
\openout1 = `main.run.xml'.

 ) 
Here is how much of TeX's memory you used:
 30001 strings out of 478287
 569779 string characters out of 5849289
 1664916 words of memory out of 5000000
 47269 multiletter control sequences out of 15000+600000
 601651 words of font info for 125 fonts, out of 8000000 for 9000
 1143 hyphenation exceptions out of 8191
 86i,19n,120p,1829b,2559s stack positions out of 5000i,500n,10000p,200000b,80000s
{/usr/share/texlive/texmf-dist/fonts/enc/dvips/libertine/lbtn_ncsllp.enc}{/usr/share/texlive/texmf-dist/fonts/enc/dvips/base/8r.enc}{/usr/share/texlive/texmf-dist/fonts/enc/dvips/libertine/lbtn_7grukw.enc}{/usr/share/texlive/texmf-dist/fonts/enc/dvips/libertine/lbtn_nh77jq.enc}{/usr/share/texlive/texmf-dist/fonts/enc/dvips/libertine/lbtn_76gpa5.enc}</usr/share/texlive/texmf-dist/fonts/type1/public/libertine/LinLibertineT.pfb></usr/share/texlive/texmf-dist/fonts/type1/public/libertine/LinLibertineTB.pfb></usr/share/texlive/texmf-dist/fonts/type1/public/libertine/LinLibertineTI.pfb></usr/share/texlive/texmf-dist/fonts/type1/public/amsfonts/cm/cmex10.pfb></usr/share/texlive/texmf-dist/fonts/type1/public/amsfonts/cm/cmmi10.pfb></usr/share/texlive/texmf-dist/fonts/type1/public/amsfonts/cm/cmmi6.pfb></usr/share/texlive/texmf-dist/fonts/type1/public/amsfonts/cm/cmmi7.pfb></usr/share/texlive/texmf-dist/fonts/type1/public/amsfonts/cm/cmr10.pfb></usr/share/texlive/texmf-dist/fonts/type1/public/amsfonts/cm/cmr7.pfb></usr/share/texlive/texmf-dist/fonts/type1/public/amsfonts/cm/cmr8.pfb></usr/share/texlive/texmf-dist/fonts/type1/public/amsfonts/cm/cmsy10.pfb></usr/share/texlive/texmf-dist/fonts/type1/public/amsfonts/cm/cmsy8.pfb></usr/share/texlive/texmf-dist/fonts/type1/public/bera/fvmr8a.pfb></usr/share/texlive/texmf-dist/fonts/type1/urw/helvetic/uhvb8a.pfb></usr/share/texlive/texmf-dist/fonts/type1/urw/helvetic/uhvr8a.pfb>
Output written on main.pdf (149 pages, 2912481 bytes).
PDF statistics:
 1868 PDF objects out of 2073 (max. 8388607)
 1609 compressed objects within 17 object streams
 342 named destinations out of 1000 (max. 500000)
 1261 words of extra memory for PDF output out of 10000 (max. 10000000)

